Archive member included to satisfy reference by file (symbol)

C:/CLionToolchains/gcc-arm-none-eabi-10.3-2021.10/bin/../lib/gcc/arm-none-eabi/13.3.1/thumb/v7e-m+fp/hard\libgcc.a(_arm_addsubdf3.o)
                              CMakeFiles/dm_h723_lib.elf.dir/code_mf/Src/DEBUG_UART_TASK.c.obj (__aeabi_f2d)
C:/CLionToolchains/gcc-arm-none-eabi-10.3-2021.10/bin/../lib/gcc/arm-none-eabi/13.3.1/thumb/v7e-m+fp/hard\libgcc.a(_arm_truncdfsf2.o)
                              CMakeFiles/dm_h723_lib.elf.dir/code_mf/Src/MahonyAHRS.c.obj (__aeabi_d2f)
C:/CLionToolchains/gcc-arm-none-eabi-10.3-2021.10/bin/../lib/gcc/arm-none-eabi/13.3.1/thumb/v7e-m+fp/hard\libgcc.a(_aeabi_uldivmod.o)
                              CMakeFiles/dm_h723_lib.elf.dir/Drivers/STM32H7xx_HAL_Driver/Src/stm32h7xx_hal_uart.c.obj (__aeabi_uldivmod)
C:/CLionToolchains/gcc-arm-none-eabi-10.3-2021.10/bin/../lib/gcc/arm-none-eabi/13.3.1/thumb/v7e-m+fp/hard\libgcc.a(_udivmoddi4.o)
                              C:/CLionToolchains/gcc-arm-none-eabi-10.3-2021.10/bin/../lib/gcc/arm-none-eabi/13.3.1/thumb/v7e-m+fp/hard\libgcc.a(_aeabi_uldivmod.o) (__udivmoddi4)
C:/CLionToolchains/gcc-arm-none-eabi-10.3-2021.10/bin/../lib/gcc/arm-none-eabi/13.3.1/thumb/v7e-m+fp/hard\libgcc.a(_dvmd_tls.o)
                              C:/CLionToolchains/gcc-arm-none-eabi-10.3-2021.10/bin/../lib/gcc/arm-none-eabi/13.3.1/thumb/v7e-m+fp/hard\libgcc.a(_aeabi_uldivmod.o) (__aeabi_ldiv0)
C:/CLionToolchains/gcc-arm-none-eabi-10.3-2021.10/bin/../lib/gcc/arm-none-eabi/13.3.1/thumb/v7e-m+fp/hard\libg.a(libc_a-exit.o)
                              C:/CLionToolchains/gcc-arm-none-eabi-10.3-2021.10/bin/../lib/gcc/arm-none-eabi/13.3.1/thumb/v7e-m+fp/hard/crt0.o (exit)
C:/CLionToolchains/gcc-arm-none-eabi-10.3-2021.10/bin/../lib/gcc/arm-none-eabi/13.3.1/thumb/v7e-m+fp/hard\libg.a(libc_a-findfp.o)
                              CMakeFiles/dm_h723_lib.elf.dir/Middlewares/Third_Party/FreeRTOS/Source/tasks.c.obj (__sf)
C:/CLionToolchains/gcc-arm-none-eabi-10.3-2021.10/bin/../lib/gcc/arm-none-eabi/13.3.1/thumb/v7e-m+fp/hard\libg.a(libc_a-fwalk.o)
                              C:/CLionToolchains/gcc-arm-none-eabi-10.3-2021.10/bin/../lib/gcc/arm-none-eabi/13.3.1/thumb/v7e-m+fp/hard\libg.a(libc_a-findfp.o) (_fwalk_sglue)
C:/CLionToolchains/gcc-arm-none-eabi-10.3-2021.10/bin/../lib/gcc/arm-none-eabi/13.3.1/thumb/v7e-m+fp/hard\libg.a(libc_a-stdio.o)
                              C:/CLionToolchains/gcc-arm-none-eabi-10.3-2021.10/bin/../lib/gcc/arm-none-eabi/13.3.1/thumb/v7e-m+fp/hard\libg.a(libc_a-findfp.o) (__sread)
C:/CLionToolchains/gcc-arm-none-eabi-10.3-2021.10/bin/../lib/gcc/arm-none-eabi/13.3.1/thumb/v7e-m+fp/hard\libg.a(libc_a-vsprintf.o)
                              CMakeFiles/dm_h723_lib.elf.dir/code_mf/Src/uart_printf.c.obj (vsprintf)
C:/CLionToolchains/gcc-arm-none-eabi-10.3-2021.10/bin/../lib/gcc/arm-none-eabi/13.3.1/thumb/v7e-m+fp/hard\libg.a(libc_a-memset.o)
                              C:/CLionToolchains/gcc-arm-none-eabi-10.3-2021.10/bin/../lib/gcc/arm-none-eabi/13.3.1/thumb/v7e-m+fp/hard/crt0.o (memset)
C:/CLionToolchains/gcc-arm-none-eabi-10.3-2021.10/bin/../lib/gcc/arm-none-eabi/13.3.1/thumb/v7e-m+fp/hard\libg.a(libc_a-closer.o)
                              C:/CLionToolchains/gcc-arm-none-eabi-10.3-2021.10/bin/../lib/gcc/arm-none-eabi/13.3.1/thumb/v7e-m+fp/hard\libg.a(libc_a-stdio.o) (_close_r)
C:/CLionToolchains/gcc-arm-none-eabi-10.3-2021.10/bin/../lib/gcc/arm-none-eabi/13.3.1/thumb/v7e-m+fp/hard\libg.a(libc_a-reent.o)
                              CMakeFiles/dm_h723_lib.elf.dir/Middlewares/Third_Party/FreeRTOS/Source/tasks.c.obj (_reclaim_reent)
C:/CLionToolchains/gcc-arm-none-eabi-10.3-2021.10/bin/../lib/gcc/arm-none-eabi/13.3.1/thumb/v7e-m+fp/hard\libg.a(libc_a-impure.o)
                              CMakeFiles/dm_h723_lib.elf.dir/Middlewares/Third_Party/FreeRTOS/Source/tasks.c.obj (_impure_ptr)
C:/CLionToolchains/gcc-arm-none-eabi-10.3-2021.10/bin/../lib/gcc/arm-none-eabi/13.3.1/thumb/v7e-m+fp/hard\libg.a(libc_a-lseekr.o)
                              C:/CLionToolchains/gcc-arm-none-eabi-10.3-2021.10/bin/../lib/gcc/arm-none-eabi/13.3.1/thumb/v7e-m+fp/hard\libg.a(libc_a-stdio.o) (_lseek_r)
C:/CLionToolchains/gcc-arm-none-eabi-10.3-2021.10/bin/../lib/gcc/arm-none-eabi/13.3.1/thumb/v7e-m+fp/hard\libg.a(libc_a-readr.o)
                              C:/CLionToolchains/gcc-arm-none-eabi-10.3-2021.10/bin/../lib/gcc/arm-none-eabi/13.3.1/thumb/v7e-m+fp/hard\libg.a(libc_a-stdio.o) (_read_r)
C:/CLionToolchains/gcc-arm-none-eabi-10.3-2021.10/bin/../lib/gcc/arm-none-eabi/13.3.1/thumb/v7e-m+fp/hard\libg.a(libc_a-writer.o)
                              C:/CLionToolchains/gcc-arm-none-eabi-10.3-2021.10/bin/../lib/gcc/arm-none-eabi/13.3.1/thumb/v7e-m+fp/hard\libg.a(libc_a-stdio.o) (_write_r)
C:/CLionToolchains/gcc-arm-none-eabi-10.3-2021.10/bin/../lib/gcc/arm-none-eabi/13.3.1/thumb/v7e-m+fp/hard\libg.a(libc_a-errno.o)
[...]
Memory Configuration

Name             Origin             Length             Attributes
ITCMRAM          0x00000000         0x00010000         xrw
DTCMRAM          0x20000000         0x00020000         xrw
FLASH            0x08000000         0x00100000         xr
RAM_D1           0x24000000         0x00050000         xrw
RAM_D2           0x30000000         0x00008000         xrw
RAM_D3           0x38000000         0x00004000         xrw
*default*        0x00000000         0xffffffff

Linker script and memory map

LOAD C:/CLionToolchains/gcc-arm-none-eabi-10.3-2021.10/bin/../lib/gcc/arm-none-eabi/13.3.1/thumb/v7e-m+fp/hard/crti.o
LOAD C:/CLionToolchains/gcc-arm-none-eabi-10.3-2021.10/bin/../lib/gcc/arm-none-eabi/13.3.1/thumb/v7e-m+fp/hard/crtbegin.o
LOAD C:/CLionToolchains/gcc-arm-none-eabi-10.3-2021.10/bin/../lib/gcc/arm-none-eabi/13.3.1/thumb/v7e-m+fp/hard/crt0.o
LOAD CMakeFiles/dm_h723_lib.elf.dir/Core/Src/dma.c.obj
LOAD CMakeFiles/dm_h723_lib.elf.dir/Core/Src/fdcan.c.obj
LOAD CMakeFiles/dm_h723_lib.elf.dir/Core/Src/freertos.c.obj
LOAD CMakeFiles/dm_h723_lib.elf.dir/Core/Src/gpio.c.obj
LOAD CMakeFiles/dm_h723_lib.elf.dir/Core/Src/main.c.obj
LOAD CMakeFiles/dm_h723_lib.elf.dir/Core/Src/memorymap.c.obj
LOAD CMakeFiles/dm_h723_lib.elf.dir/Core/Src/spi.c.obj
LOAD CMakeFiles/dm_h723_lib.elf.dir/Core/Src/stm32h7xx_hal_msp.c.obj
LOAD CMakeFiles/dm_h723_lib.elf.dir/Core/Src/stm32h7xx_hal_timebase_tim.c.obj
LOAD CMakeFiles/dm_h723_lib.elf.dir/Core/Src/stm32h7xx_it.c.obj
LOAD CMakeFiles/dm_h723_lib.elf.dir/Core/Src/syscalls.c.obj
LOAD CMakeFiles/dm_h723_lib.elf.dir/Core/Src/sysmem.c.obj
LOAD CMakeFiles/dm_h723_lib.elf.dir/Core/Src/system_stm32h7xx.c.obj
LOAD CMakeFiles/dm_h723_lib.elf.dir/Core/Src/usart.c.obj
LOAD CMakeFiles/dm_h723_lib.elf.dir/Core/Startup/startup_stm32h723vgtx.s.obj
LOAD CMakeFiles/dm_h723_lib.elf.dir/Drivers/STM32H7xx_HAL_Driver/Src/stm32h7xx_hal.c.obj
LOAD CMakeFiles/dm_h723_lib.elf.dir/Drivers/STM32H7xx_HAL_Driver/Src/stm32h7xx_hal_cortex.c.obj
LOAD CMakeFiles/dm_h723_lib.elf.dir/Drivers/STM32H7xx_HAL_Driver/Src/stm32h7xx_hal_dma.c.obj
LOAD CMakeFiles/dm_h723_lib.elf.dir/Drivers/STM32H7xx_HAL_Driver/Src/stm32h7xx_hal_dma_ex.c.obj
LOAD CMakeFiles/dm_h723_lib.elf.dir/Drivers/STM32H7xx_HAL_Driver/Src/stm32h7xx_hal_exti.c.obj
LOAD CMakeFiles/dm_h723_lib.elf.dir/Drivers/STM32H7xx_HAL_Driver/Src/stm32h7xx_hal_fdcan.c.obj
LOAD CMakeFiles/dm_h723_lib.elf.dir/Drivers/STM32H7xx_HAL_Driver/Src/stm32h7xx_hal_flash.c.obj
LOAD CMakeFiles/dm_h723_lib.elf.dir/Drivers/STM32H7xx_HAL_Driver/Src/stm32h7xx_hal_flash_ex.c.obj
LOAD CMakeFiles/dm_h723_lib.elf.dir/Drivers/STM32H7xx_HAL_Driver/Src/stm32h7xx_hal_gpio.c.obj
LOAD CMakeFiles/dm_h723_lib.elf.dir/Drivers/STM32H7xx_HAL_Driver/Src/stm32h7xx_hal_hsem.c.obj
LOAD CMakeFiles/dm_h723_lib.elf.dir/Drivers/STM32H7xx_HAL_Driver/Src/stm32h7xx_hal_i2c.c.obj
LOAD CMakeFiles/dm_h723_lib.elf.dir/Drivers/STM32H7xx_HAL_Driver/Src/stm32h7xx_hal_i2c_ex.c.obj
LOAD CMakeFiles/dm_h723_lib.elf.dir/Drivers/STM32H7xx_HAL_Driver/Src/stm32h7xx_hal_mdma.c.obj
LOAD CMakeFiles/dm_h723_lib.elf.dir/Drivers/STM32H7xx_HAL_Driver/Src/stm32h7xx_hal_pwr.c.obj
LOAD CMakeFiles/dm_h723_lib.elf.dir/Drivers/STM32H7xx_HAL_Driver/Src/stm32h7xx_hal_pwr_ex.c.obj
LOAD CMakeFiles/dm_h723_lib.elf.dir/Drivers/STM32H7xx_HAL_Driver/Src/stm32h7xx_hal_rcc.c.obj
LOAD CMakeFiles/dm_h723_lib.elf.dir/Drivers/STM32H7xx_HAL_Driver/Src/stm32h7xx_hal_rcc_ex.c.obj
LOAD CMakeFiles/dm_h723_lib.elf.dir/Drivers/STM32H7xx_HAL_Driver/Src/stm32h7xx_hal_spi.c.obj
LOAD CMakeFiles/dm_h723_lib.elf.dir/Drivers/STM32H7xx_HAL_Driver/Src/stm32h7xx_hal_spi_ex.c.obj
LOAD CMakeFiles/dm_h723_lib.elf.dir/Drivers/STM32H7xx_HAL_Driver/Src/stm32h7xx_hal_tim.c.obj
LOAD CMakeFiles/dm_h723_lib.elf.dir/Drivers/STM32H7xx_HAL_Driver/Src/stm32h7xx_hal_tim_ex.c.obj
LOAD CMakeFiles/dm_h723_lib.elf.dir/Drivers/STM32H7xx_HAL_Driver/Src/stm32h7xx_hal_uart.c.obj
LOAD CMakeFiles/dm_h723_lib.elf.dir/Drivers/STM32H7xx_HAL_Driver/Src/stm32h7xx_hal_uart_ex.c.obj
LOAD CMakeFiles/dm_h723_lib.elf.dir/Middlewares/Third_Party/FreeRTOS/Source/CMSIS_RTOS/cmsis_os.c.obj
LOAD CMakeFiles/dm_h723_lib.elf.dir/Middlewares/Third_Party/FreeRTOS/Source/croutine.c.obj
LOAD CMakeFiles/dm_h723_lib.elf.dir/Middlewares/Third_Party/FreeRTOS/Source/event_groups.c.obj
LOAD CMakeFiles/dm_h723_lib.elf.dir/Middlewares/Third_Party/FreeRTOS/Source/list.c.obj
LOAD CMakeFiles/dm_h723_lib.elf.dir/Middlewares/Third_Party/FreeRTOS/Source/portable/GCC/ARM_CM4F/port.c.obj
LOAD CMakeFiles/dm_h723_lib.elf.dir/Middlewares/Third_Party/FreeRTOS/Source/portable/MemMang/heap_4.c.obj
LOAD CMakeFiles/dm_h723_lib.elf.dir/Middlewares/Third_Party/FreeRTOS/Source/queue.c.obj
LOAD CMakeFiles/dm_h723_lib.elf.dir/Middlewares/Third_Party/FreeRTOS/Source/stream_buffer.c.obj
LOAD CMakeFiles/dm_h723_lib.elf.dir/Middlewares/Third_Party/FreeRTOS/Source/tasks.c.obj
LOAD CMakeFiles/dm_h723_lib.elf.dir/Middlewares/Third_Party/FreeRTOS/Source/timers.c.obj
LOAD CMakeFiles/dm_h723_lib.elf.dir/code_mf/Src/BMI088Middleware.c.obj
LOAD CMakeFiles/dm_h723_lib.elf.dir/code_mf/Src/BMI088driver.c.obj
LOAD CMakeFiles/dm_h723_lib.elf.dir/code_mf/Src/CAN_SENT_TASK.c.obj
LOAD CMakeFiles/dm_h723_lib.elf.dir/code_mf/Src/CHASSIS_TASK.c.obj
LOAD CMakeFiles/dm_h723_lib.elf.dir/code_mf/Src/DEBUG_UART_TASK.c.obj
LOAD CMakeFiles/dm_h723_lib.elf.dir/code_mf/Src/DJI_motors.c.obj
LOAD CMakeFiles/dm_h723_lib.elf.dir/code_mf/Src/ERROR_DETECTION.c.obj
LOAD CMakeFiles/dm_h723_lib.elf.dir/code_mf/Src/GET_RC_TASK.c.obj
LOAD CMakeFiles/dm_h723_lib.elf.dir/code_mf/Src/IMU_DATA_GET.c.obj
LOAD CMakeFiles/dm_h723_lib.elf.dir/code_mf/Src/LED_TASK.c.obj
LOAD CMakeFiles/dm_h723_lib.elf.dir/code_mf/Src/MahonyAHRS.c.obj
LOAD CMakeFiles/dm_h723_lib.elf.dir/code_mf/Src/bsp_can.c.obj
LOAD CMakeFiles/dm_h723_lib.elf.dir/code_mf/Src/can_receive.c.obj
LOAD CMakeFiles/dm_h723_lib.elf.dir/code_mf/Src/dm_motor.c.obj
LOAD CMakeFiles/dm_h723_lib.elf.dir/code_mf/Src/pid.c.obj
LOAD CMakeFiles/dm_h723_lib.elf.dir/code_mf/Src/remote_control.c.obj
LOAD CMakeFiles/dm_h723_lib.elf.dir/code_mf/Src/uart_printf.c.obj
LOAD CMakeFiles/dm_h723_lib.elf.dir/code_mf/Src/ws2812.c.obj
START GROUP
LOAD C:/CLionToolchains/gcc-arm-none-eabi-10.3-2021.10/bin/../lib/gcc/arm-none-eabi/13.3.1/thumb/v7e-m+fp/hard\libgcc.a
LOAD C:/CLionToolchains/gcc-arm-none-eabi-10.3-2021.10/bin/../lib/gcc/arm-none-eabi/13.3.1/thumb/v7e-m+fp/hard\libg.a
LOAD C:/CLionToolchains/gcc-arm-none-eabi-10.3-2021.10/bin/../lib/gcc/arm-none-eabi/13.3.1/thumb/v7e-m+fp/hard\libc.a
END GROUP
LOAD C:/CLionToolchains/gcc-arm-none-eabi-10.3-2021.10/bin/../lib/gcc/arm-none-eabi/13.3.1/thumb/v7e-m+fp/hard/crtend.o
LOAD C:/CLionToolchains/gcc-arm-none-eabi-10.3-2021.10/bin/../lib/gcc/arm-none-eabi/13.3.1/thumb/v7e-m+fp/hard/crtn.o
                0x24050000                        _estack = (ORIGIN (RAM_D1) + LENGTH (RAM_D1))
                0x00000200                        _Min_Heap_Size = 0x200
                0x00000400                        _Min_Stack_Size = 0x400

.isr_vector     0x08000000      0x2cc
                0x08000000                        . = ALIGN (0x4)
 *(.isr_vector)
 .isr_vector    0x08000000      0x2cc CMakeFiles/dm_h723_lib.elf.dir/Core/Startup/startup_stm32h723vgtx.s.obj
                0x08000000                g_pfnVectors
                0x080002cc                        . = ALIGN (0x4)

.text           0x08000300    0x122b0
                0x08000300                        . = ALIGN (0x4)
 *(.text)
 .text          0x08000300      0x378 C:/CLionToolchains/gcc-arm-none-eabi-10.3-2021.10/bin/../lib/gcc/arm-none-eabi/13.3.1/thumb/v7e-m+fp/hard\libgcc.a(_arm_addsubdf3.o)
                0x08000300                __aeabi_drsub
                0x08000308                __aeabi_dsub
                0x08000308                __subdf3
                0x0800030c                __aeabi_dadd
                0x0800030c                __adddf3
                0x08000584                __floatunsidf
                0x08000584                __aeabi_ui2d
                0x080005a4                __floatsidf
                0x080005a4                __aeabi_i2d
                0x080005c8                __aeabi_f2d
                0x080005c8                __extendsfdf2
                0x0800060c                __floatundidf
                0x0800060c                __aeabi_ul2d
                0x0800061c                __floatdidf
                0x0800061c                __aeabi_l2d
 .text          0x08000678       0xa0 C:/CLionToolchains/gcc-arm-none-eabi-10.3-2021.10/bin/../lib/gcc/arm-none-eabi/13.3.1/thumb/v7e-m+fp/hard\libgcc.a(_arm_truncdfsf2.o)
                0x08000678                __truncdfsf2
                0x08000678                __aeabi_d2f
 .text          0x08000718       0x30 C:/CLionToolchains/gcc-arm-none-eabi-10.3-2021.10/bin/../lib/gcc/arm-none-eabi/13.3.1/thumb/v7e-m+fp/hard\libgcc.a(_aeabi_uldivmod.o)
                0x08000718                __aeabi_uldivmod
 .text          0x08000748        0x4 C:/CLionToolchains/gcc-arm-none-eabi-10.3-2021.10/bin/../lib/gcc/arm-none-eabi/13.3.1/thumb/v7e-m+fp/hard\libgcc.a(_dvmd_tls.o)
                0x08000748                __aeabi_idiv0
                0x08000748                __aeabi_ldiv0
 .text          0x0800074c      0x134 C:/CLionToolchains/gcc-arm-none-eabi-10.3-2021.10/bin/../lib/gcc/arm-none-eabi/13.3.1/thumb/v7e-m+fp/hard\libg.a(libc_a-memcpy.o)
                0x0800074c                memcpy
 .text          0x08000880       0xa0 C:/CLionToolchains/gcc-arm-none-eabi-10.3-2021.10/bin/../lib/gcc/arm-none-eabi/13.3.1/thumb/v7e-m+fp/hard\libg.a(libc_a-memchr.o)
                0x08000880                memchr
 *fill*         0x08000920       0x20 
 .text          0x08000940       0xd8 C:/CLionToolchains/gcc-arm-none-eabi-10.3-2021.10/bin/../lib/gcc/arm-none-eabi/13.3.1/thumb/v7e-m+fp/hard\libg.a(libc_a-strlen.o)
                0x08000940                strlen
 .text          0x08000a18      0x424 C:/CLionToolchains/gcc-arm-none-eabi-10.3-2021.10/bin/../lib/gcc/arm-none-eabi/13.3.1/thumb/v7e-m+fp/hard\libgcc.a(_arm_muldivdf3.o)
                0x08000a18                __aeabi_dmul
                0x08000a18                __muldf3
                0x08000c6c                __divdf3
                0x08000c6c                __aeabi_ddiv
 .text          0x08000e3c      0x110 C:/CLionToolchains/gcc-arm-none-eabi-10.3-2021.10/bin/../lib/gcc/arm-none-eabi/13.3.1/thumb/v7e-m+fp/hard\libgcc.a(_arm_cmpdf2.o)
                0x08000e3c                __gtdf2
                0x08000e3c                __gedf2
                0x08000e44                __ltdf2
                0x08000e44                __ledf2
                0x08000e4c                __nedf2
                0x08000e4c                __eqdf2
                0x08000e4c                __cmpdf2
                0x08000ec8                __aeabi_cdrcmple
                0x08000ed8                __aeabi_cdcmpeq
                0x08000ed8                __aeabi_cdcmple
                0x08000ee8                __aeabi_dcmpeq
                0x08000efc                __aeabi_dcmplt
                0x08000f10                __aeabi_dcmple
                0x08000f24                __aeabi_dcmpge
                0x08000f38                __aeabi_dcmpgt
 .text          0x08000f4c       0x2c C:/CLionToolchains/gcc-arm-none-eabi-10.3-2021.10/bin/../lib/gcc/arm-none-eabi/13.3.1/thumb/v7e-m+fp/hard\libgcc.a(_arm_unorddf2.o)
                0x08000f4c                __unorddf2
                0x08000f4c                __aeabi_dcmpun
 .text          0x08000f78       0x50 C:/CLionToolchains/gcc-arm-none-eabi-10.3-2021.10/bin/../lib/gcc/arm-none-eabi/13.3.1/thumb/v7e-m+fp/hard\libgcc.a(_arm_fixdfsi.o)
                0x08000f78                __aeabi_d2iz
                0x08000f78                __fixdfsi
 *(.text*)
 .text.deregister_tm_clones
                0x08000fc8       0x1c C:/CLionToolchains/gcc-arm-none-eabi-10.3-2021.10/bin/../lib/gcc/arm-none-eabi/13.3.1/thumb/v7e-m+fp/hard/crtbegin.o
 .text.register_tm_clones
                0x08000fe4       0x24 C:/CLionToolchains/gcc-arm-none-eabi-10.3-2021.10/bin/../lib/gcc/arm-none-eabi/13.3.1/thumb/v7e-m+fp/hard/crtbegin.o
 .text.__do_global_dtors_aux
                0x08001008       0x28 C:/CLionToolchains/gcc-arm-none-eabi-10.3-2021.10/bin/../lib/gcc/arm-none-eabi/13.3.1/thumb/v7e-m+fp/hard/crtbegin.o
 .text.frame_dummy
                0x08001030       0x24 C:/CLionToolchains/gcc-arm-none-eabi-10.3-2021.10/bin/../lib/gcc/arm-none-eabi/13.3.1/thumb/v7e-m+fp/hard/crtbegin.o
 .text.MX_DMA_Init
                0x08001054       0x58 CMakeFiles/dm_h723_lib.elf.dir/Core/Src/dma.c.obj
                0x08001054                MX_DMA_Init
 .text.MX_FDCAN1_Init
                0x080010ac       0x64 CMakeFiles/dm_h723_lib.elf.dir/Core/Src/fdcan.c.obj
                0x080010ac                MX_FDCAN1_Init
 .text.MX_FDCAN2_Init
                0x08001110       0x68 CMakeFiles/dm_h723_lib.elf.dir/Core/Src/fdcan.c.obj
                0x08001110                MX_FDCAN2_Init
 .text.MX_FDCAN3_Init
                0x08001178       0x68 CMakeFiles/dm_h723_lib.elf.dir/Core/Src/fdcan.c.obj
                0x08001178                MX_FDCAN3_Init
 .text.HAL_FDCAN_MspInit
                0x080011e0      0x1f8 CMakeFiles/dm_h723_lib.elf.dir/Core/Src/fdcan.c.obj
                0x080011e0                HAL_FDCAN_MspInit
 .text.StartDefaultTask
                0x080013d8        0xa CMakeFiles/dm_h723_lib.elf.dir/Core/Src/freertos.c.obj
                0x080013d8                StartDefaultTask
 .text.SHOOT_TASK
                0x080013e2        0xa CMakeFiles/dm_h723_lib.elf.dir/Core/Src/freertos.c.obj
                0x080013e2                SHOOT_TASK
 .text.SHOOOT_STOP_CHECK
                0x080013ec        0xa CMakeFiles/dm_h723_lib.elf.dir/Core/Src/freertos.c.obj
                0x080013ec                SHOOOT_STOP_CHECK
 *fill*         0x080013f6        0x2 
 .text.vApplicationGetIdleTaskMemory
                0x080013f8       0x18 CMakeFiles/dm_h723_lib.elf.dir/Core/Src/freertos.c.obj
                0x080013f8                vApplicationGetIdleTaskMemory
 .text.MX_FREERTOS_Init
                0x08001410      0x198 CMakeFiles/dm_h723_lib.elf.dir/Core/Src/freertos.c.obj
                0x08001410                MX_FREERTOS_Init
 .text.MX_GPIO_Init
                0x080015a8      0x100 CMakeFiles/dm_h723_lib.elf.dir/Core/Src/gpio.c.obj
                0x080015a8                MX_GPIO_Init
 .text.HAL_TIM_PeriodElapsedCallback
                0x080016a8       0x18 CMakeFiles/dm_h723_lib.elf.dir/Core/Src/main.c.obj
                0x080016a8                HAL_TIM_PeriodElapsedCallback
 .text.Error_Handler
                0x080016c0        0x4 CMakeFiles/dm_h723_lib.elf.dir/Core/Src/main.c.obj
                0x080016c0                Error_Handler
 .text.SystemClock_Config
                0x080016c4       0xa8 CMakeFiles/dm_h723_lib.elf.dir/Core/Src/main.c.obj
                0x080016c4                SystemClock_Config
 .text.main     0x0800176c       0x94 CMakeFiles/dm_h723_lib.elf.dir/Core/Src/main.c.obj
                0x0800176c                main
 .text.MX_SPI2_Init
                0x08001800       0x60 CMakeFiles/dm_h723_lib.elf.dir/Core/Src/spi.c.obj
                0x08001800                MX_SPI2_Init
 .text.MX_SPI6_Init
                0x08001860       0x64 CMakeFiles/dm_h723_lib.elf.dir/Core/Src/spi.c.obj
                0x08001860                MX_SPI6_Init
 .text.HAL_SPI_MspInit
                0x080018c4      0x1d4 CMakeFiles/dm_h723_lib.elf.dir/Core/Src/spi.c.obj
                0x080018c4                HAL_SPI_MspInit
 .text.HAL_MspInit
                0x08001a98       0x34 CMakeFiles/dm_h723_lib.elf.dir/Core/Src/stm32h7xx_hal_msp.c.obj
                0x08001a98                HAL_MspInit
 .text.HAL_InitTick
                0x08001acc       0x9c CMakeFiles/dm_h723_lib.elf.dir/Core/Src/stm32h7xx_hal_timebase_tim.c.obj
                0x08001acc                HAL_InitTick
 .text.NMI_Handler
                0x08001b68        0x2 CMakeFiles/dm_h723_lib.elf.dir/Core/Src/stm32h7xx_it.c.obj
                0x08001b68                NMI_Handler
 .text.HardFault_Handler
                0x08001b6a        0x2 CMakeFiles/dm_h723_lib.elf.dir/Core/Src/stm32h7xx_it.c.obj
                0x08001b6a                HardFault_Handler
 .text.MemManage_Handler
                0x08001b6c        0x2 CMakeFiles/dm_h723_lib.elf.dir/Core/Src/stm32h7xx_it.c.obj
                0x08001b6c                MemManage_Handler
 .text.BusFault_Handler
                0x08001b6e        0x2 CMakeFiles/dm_h723_lib.elf.dir/Core/Src/stm32h7xx_it.c.obj
                0x08001b6e                BusFault_Handler
 .text.UsageFault_Handler
                0x08001b70        0x2 CMakeFiles/dm_h723_lib.elf.dir/Core/Src/stm32h7xx_it.c.obj
                0x08001b70                UsageFault_Handler
 .text.DebugMon_Handler
                0x08001b72        0x2 CMakeFiles/dm_h723_lib.elf.dir/Core/Src/stm32h7xx_it.c.obj
                0x08001b72                DebugMon_Handler
 .text.DMA1_Stream0_IRQHandler
                0x08001b74       0x10 CMakeFiles/dm_h723_lib.elf.dir/Core/Src/stm32h7xx_it.c.obj
                0x08001b74                DMA1_Stream0_IRQHandler
 .text.DMA1_Stream1_IRQHandler
                0x08001b84       0x10 CMakeFiles/dm_h723_lib.elf.dir/Core/Src/stm32h7xx_it.c.obj
                0x08001b84                DMA1_Stream1_IRQHandler
 .text.DMA1_Stream2_IRQHandler
                0x08001b94       0x10 CMakeFiles/dm_h723_lib.elf.dir/Core/Src/stm32h7xx_it.c.obj
                0x08001b94                DMA1_Stream2_IRQHandler
 .text.FDCAN1_IT0_IRQHandler
                0x08001ba4       0x10 CMakeFiles/dm_h723_lib.elf.dir/Core/Src/stm32h7xx_it.c.obj
                0x08001ba4                FDCAN1_IT0_IRQHandler
 .text.FDCAN2_IT0_IRQHandler
                0x08001bb4       0x10 CMakeFiles/dm_h723_lib.elf.dir/Core/Src/stm32h7xx_it.c.obj
                0x08001bb4                FDCAN2_IT0_IRQHandler
 .text.SPI2_IRQHandler
                0x08001bc4       0x10 CMakeFiles/dm_h723_lib.elf.dir/Core/Src/stm32h7xx_it.c.obj
                0x08001bc4                SPI2_IRQHandler
 .text.UART5_IRQHandler
                0x08001bd4       0x10 CMakeFiles/dm_h723_lib.elf.dir/Core/Src/stm32h7xx_it.c.obj
                0x08001bd4                UART5_IRQHandler
 .text.TIM7_IRQHandler
                0x08001be4       0x10 CMakeFiles/dm_h723_lib.elf.dir/Core/Src/stm32h7xx_it.c.obj
                0x08001be4                TIM7_IRQHandler
 .text.UART7_IRQHandler
                0x08001bf4       0x10 CMakeFiles/dm_h723_lib.elf.dir/Core/Src/stm32h7xx_it.c.obj
                0x08001bf4                UART7_IRQHandler
 .text.USART10_IRQHandler
                0x08001c04       0x10 CMakeFiles/dm_h723_lib.elf.dir/Core/Src/stm32h7xx_it.c.obj
                0x08001c04                USART10_IRQHandler
 .text.FDCAN3_IT0_IRQHandler
                0x08001c14       0x10 CMakeFiles/dm_h723_lib.elf.dir/Core/Src/stm32h7xx_it.c.obj
                0x08001c14                FDCAN3_IT0_IRQHandler
 .text._getpid  0x08001c24        0x4 CMakeFiles/dm_h723_lib.elf.dir/Core/Src/syscalls.c.obj
                0x08001c24                _getpid
 .text._kill    0x08001c28       0x10 CMakeFiles/dm_h723_lib.elf.dir/Core/Src/syscalls.c.obj
                0x08001c28                _kill
 .text._exit    0x08001c38        0xc CMakeFiles/dm_h723_lib.elf.dir/Core/Src/syscalls.c.obj
                0x08001c38                _exit
 .text._read    0x08001c44       0x20 CMakeFiles/dm_h723_lib.elf.dir/Core/Src/syscalls.c.obj
                0x08001c44                _read
 .text._write   0x08001c64       0x1c CMakeFiles/dm_h723_lib.elf.dir/Core/Src/syscalls.c.obj
                0x08001c64                _write
 .text._close   0x08001c80        0x6 CMakeFiles/dm_h723_lib.elf.dir/Core/Src/syscalls.c.obj
                0x08001c80                _close
 .text._fstat   0x08001c86        0xa CMakeFiles/dm_h723_lib.elf.dir/Core/Src/syscalls.c.obj
                0x08001c86                _fstat
 .text._isatty  0x08001c90        0x4 CMakeFiles/dm_h723_lib.elf.dir/Core/Src/syscalls.c.obj
                0x08001c90                _isatty
 .text._lseek   0x08001c94        0x4 CMakeFiles/dm_h723_lib.elf.dir/Core/Src/syscalls.c.obj
                0x08001c94                _lseek
 .text._sbrk    0x08001c98       0x48 CMakeFiles/dm_h723_lib.elf.dir/Core/Src/sysmem.c.obj
                0x08001c98                _sbrk
 .text.SystemInit
                0x08001ce0       0xac CMakeFiles/dm_h723_lib.elf.dir/Core/Src/system_stm32h7xx.c.obj
                0x08001ce0                SystemInit
 .text.MX_UART5_Init
                0x08001d8c       0x78 CMakeFiles/dm_h723_lib.elf.dir/Core/Src/usart.c.obj
                0x08001d8c                MX_UART5_Init
 .text.MX_UART7_Init
                0x08001e04       0x68 CMakeFiles/dm_h723_lib.elf.dir/Core/Src/usart.c.obj
                0x08001e04                MX_UART7_Init
 .text.MX_USART1_UART_Init
                0x08001e6c       0x68 CMakeFiles/dm_h723_lib.elf.dir/Core/Src/usart.c.obj
                0x08001e6c                MX_USART1_UART_Init
 .text.MX_USART10_UART_Init
                0x08001ed4       0x68 CMakeFiles/dm_h723_lib.elf.dir/Core/Src/usart.c.obj
                0x08001ed4                MX_USART10_UART_Init
 .text.HAL_UART_MspInit
                0x08001f3c      0x2ac CMakeFiles/dm_h723_lib.elf.dir/Core/Src/usart.c.obj
                0x08001f3c                HAL_UART_MspInit
 .text.Reset_Handler
                0x080021e8       0x50 CMakeFiles/dm_h723_lib.elf.dir/Core/Startup/startup_stm32h723vgtx.s.obj
                0x080021e8                Reset_Handler
 .text.Default_Handler
                0x08002238        0x2 CMakeFiles/dm_h723_lib.elf.dir/Core/Startup/startup_stm32h723vgtx.s.obj
                0x08002238                RTC_Alarm_IRQHandler
                0x08002238                EXTI2_IRQHandler
                0x08002238                TIM8_CC_IRQHandler
                0x08002238                UART8_IRQHandler
                0x08002238                SPI4_IRQHandler
                0x08002238                TIM1_CC_IRQHandler
                0x08002238                BDMA_Channel6_IRQHandler
                0x08002238                DMA2_Stream5_IRQHandler
                0x08002238                DMA1_Stream5_IRQHandler
                0x08002238                CORDIC_IRQHandler
                0x08002238                BDMA_Channel1_IRQHandler
                0x08002238                TAMP_STAMP_IRQHandler
                0x08002238                EXTI3_IRQHandler
                0x08002238                LPTIM4_IRQHandler
                0x08002238                TIM8_TRG_COM_TIM14_IRQHandler
                0x08002238                LPTIM2_IRQHandler
                0x08002238                DFSDM1_FLT1_IRQHandler
                0x08002238                DMAMUX2_OVR_IRQHandler
                0x08002238                TIM8_UP_TIM13_IRQHandler
                0x08002238                I2C3_ER_IRQHandler
                0x08002238                DFSDM1_FLT2_IRQHandler
                0x08002238                I2C5_EV_IRQHandler
                0x08002238                MDMA_IRQHandler
                0x08002238                LPTIM3_IRQHandler
                0x08002238                HSEM1_IRQHandler
                0x08002238                EXTI0_IRQHandler
                0x08002238                I2C2_EV_IRQHandler
                0x08002238                FPU_IRQHandler
                0x08002238                OTG_HS_WKUP_IRQHandler
                0x08002238                FDCAN1_IT1_IRQHandler
                0x08002238                LTDC_ER_IRQHandler
                0x08002238                DMA2_Stream2_IRQHandler
                0x08002238                SPI1_IRQHandler
                0x08002238                OCTOSPI1_IRQHandler
                0x08002238                TIM6_DAC_IRQHandler
                0x08002238                DMA2_Stream3_IRQHandler
                0x08002238                OCTOSPI2_IRQHandler
                0x08002238                DFSDM1_FLT3_IRQHandler
                0x08002238                TIM23_IRQHandler
                0x08002238                USART6_IRQHandler
                0x08002238                TIM17_IRQHandler
                0x08002238                USART3_IRQHandler
                0x08002238                BDMA_Channel7_IRQHandler
                0x08002238                LPTIM5_IRQHandler
                0x08002238                ADC3_IRQHandler
                0x08002238                DMA2_Stream0_IRQHandler
                0x08002238                TIM4_IRQHandler
                0x08002238                BDMA_Channel2_IRQHandler
                0x08002238                I2C1_EV_IRQHandler
                0x08002238                DMA1_Stream6_IRQHandler
                0x08002238                DMAMUX1_OVR_IRQHandler
                0x08002238                TIM16_IRQHandler
                0x08002238                UART4_IRQHandler
                0x08002238                BDMA_Channel5_IRQHandler
                0x08002238                TIM3_IRQHandler
                0x08002238                RCC_IRQHandler
                0x08002238                UART9_IRQHandler
                0x08002238                TIM8_BRK_TIM12_IRQHandler
                0x08002238                TIM1_TRG_COM_IRQHandler
                0x08002238                Default_Handler
                0x08002238                ECC_IRQHandler
                0x08002238                FMAC_IRQHandler
                0x08002238                CEC_IRQHandler
                0x08002238                EXTI15_10_IRQHandler
                0x08002238                BDMA_Channel0_IRQHandler
                0x08002238                ADC_IRQHandler
                0x08002238                I2C5_ER_IRQHandler
                0x08002238                DMA1_Stream7_IRQHandler
                0x08002238                SPI5_IRQHandler
                0x08002238                FDCAN3_IT1_IRQHandler
                0x08002238                SDMMC1_IRQHandler
                0x08002238                TIM5_IRQHandler
                0x08002238                DMA2_Stream7_IRQHandler
                0x08002238                TIM15_IRQHandler
                0x08002238                PVD_AVD_IRQHandler
                0x08002238                I2C3_EV_IRQHandler
                0x08002238                EXTI9_5_IRQHandler
                0x08002238                RTC_WKUP_IRQHandler
                0x08002238                LTDC_IRQHandler
                0x08002238                ETH_WKUP_IRQHandler
                0x08002238                SPDIF_RX_IRQHandler
                0x08002238                OTG_HS_EP1_IN_IRQHandler
                0x08002238                TIM24_IRQHandler
                0x08002238                CRS_IRQHandler
                0x08002238                EXTI4_IRQHandler
                0x08002238                RNG_IRQHandler
                0x08002238                FDCAN2_IT1_IRQHandler
                0x08002238                ETH_IRQHandler
                0x08002238                TIM1_UP_IRQHandler
                0x08002238                BDMA_Channel4_IRQHandler
                0x08002238                OTG_HS_EP1_OUT_IRQHandler
                0x08002238                WWDG_IRQHandler
                0x08002238                SPI6_IRQHandler
                0x08002238                MDIOS_IRQHandler
                0x08002238                I2C4_EV_IRQHandler
                0x08002238                LPUART1_IRQHandler
                0x08002238                TIM2_IRQHandler
                0x08002238                OTG_HS_IRQHandler
                0x08002238                DMA2D_IRQHandler
                0x08002238                TIM1_BRK_IRQHandler
                0x08002238                EXTI1_IRQHandler
                0x08002238                SDMMC2_IRQHandler
                0x08002238                BDMA_Channel3_IRQHandler
                0x08002238                DTS_IRQHandler
                0x08002238                MDIOS_WKUP_IRQHandler
                0x08002238                USART2_IRQHandler
                0x08002238                DFSDM1_FLT0_IRQHandler
                0x08002238                SAI4_IRQHandler
                0x08002238                I2C2_ER_IRQHandler
                0x08002238                DMA2_Stream1_IRQHandler
                0x08002238                FLASH_IRQHandler
                0x08002238                DMA2_Stream4_IRQHandler
                0x08002238                USART1_IRQHandler
                0x08002238                SPI3_IRQHandler
                0x08002238                WAKEUP_PIN_IRQHandler
                0x08002238                DMA1_Stream4_IRQHandler
                0x08002238                I2C1_ER_IRQHandler
                0x08002238                FMC_IRQHandler
                0x08002238                FDCAN_CAL_IRQHandler
                0x08002238                SWPMI1_IRQHandler
                0x08002238                COMP1_IRQHandler
                0x08002238                LPTIM1_IRQHandler
                0x08002238                DCMI_PSSI_IRQHandler
                0x08002238                I2C4_ER_IRQHandler
                0x08002238                DMA2_Stream6_IRQHandler
                0x08002238                SAI1_IRQHandler
                0x08002238                DMA1_Stream3_IRQHandler
 *fill*         0x0800223a        0x2 
 .text.HAL_Init
                0x0800223c       0x5c CMakeFiles/dm_h723_lib.elf.dir/Drivers/STM32H7xx_HAL_Driver/Src/stm32h7xx_hal.c.obj
                0x0800223c                HAL_Init
 .text.HAL_IncTick
                0x08002298       0x18 CMakeFiles/dm_h723_lib.elf.dir/Drivers/STM32H7xx_HAL_Driver/Src/stm32h7xx_hal.c.obj
                0x08002298                HAL_IncTick
 .text.HAL_GetTick
                0x080022b0        0xc CMakeFiles/dm_h723_lib.elf.dir/Drivers/STM32H7xx_HAL_Driver/Src/stm32h7xx_hal.c.obj
                0x080022b0                HAL_GetTick
 .text.__NVIC_EnableIRQ
                0x080022bc       0x1c CMakeFiles/dm_h723_lib.elf.dir/Drivers/STM32H7xx_HAL_Driver/Src/stm32h7xx_hal_cortex.c.obj
 .text.__NVIC_SetPriority
                0x080022d8       0x24 CMakeFiles/dm_h723_lib.elf.dir/Drivers/STM32H7xx_HAL_Driver/Src/stm32h7xx_hal_cortex.c.obj
 .text.NVIC_EncodePriority
                0x080022fc       0x3e CMakeFiles/dm_h723_lib.elf.dir/Drivers/STM32H7xx_HAL_Driver/Src/stm32h7xx_hal_cortex.c.obj
 *fill*         0x0800233a        0x2 
 .text.HAL_NVIC_SetPriorityGrouping
                0x0800233c       0x24 CMakeFiles/dm_h723_lib.elf.dir/Drivers/STM32H7xx_HAL_Driver/Src/stm32h7xx_hal_cortex.c.obj
                0x0800233c                HAL_NVIC_SetPriorityGrouping
 .text.HAL_NVIC_SetPriority
                0x08002360       0x20 CMakeFiles/dm_h723_lib.elf.dir/Drivers/STM32H7xx_HAL_Driver/Src/stm32h7xx_hal_cortex.c.obj
                0x08002360                HAL_NVIC_SetPriority
 .text.HAL_NVIC_EnableIRQ
                0x08002380        0x8 CMakeFiles/dm_h723_lib.elf.dir/Drivers/STM32H7xx_HAL_Driver/Src/stm32h7xx_hal_cortex.c.obj
                0x08002380                HAL_NVIC_EnableIRQ
 .text.DMA_SetConfig
                0x08002388      0x1b4 CMakeFiles/dm_h723_lib.elf.dir/Drivers/STM32H7xx_HAL_Driver/Src/stm32h7xx_hal_dma.c.obj
 .text.DMA_CalcBaseAndBitshift
                0x0800253c       0xb0 CMakeFiles/dm_h723_lib.elf.dir/Drivers/STM32H7xx_HAL_Driver/Src/stm32h7xx_hal_dma.c.obj
 .text.DMA_CheckFifoParam
                0x080025ec       0x92 CMakeFiles/dm_h723_lib.elf.dir/Drivers/STM32H7xx_HAL_Driver/Src/stm32h7xx_hal_dma.c.obj
 *fill*         0x0800267e        0x2 
 .text.DMA_CalcDMAMUXChannelBaseAndMask
                0x08002680       0xac CMakeFiles/dm_h723_lib.elf.dir/Drivers/STM32H7xx_HAL_Driver/Src/stm32h7xx_hal_dma.c.obj
 .text.DMA_CalcDMAMUXRequestGenBaseAndMask
                0x0800272c       0x7c CMakeFiles/dm_h723_lib.elf.dir/Drivers/STM32H7xx_HAL_Driver/Src/stm32h7xx_hal_dma.c.obj
 .text.HAL_DMA_Init
                0x080027a8      0x39c CMakeFiles/dm_h723_lib.elf.dir/Drivers/STM32H7xx_HAL_Driver/Src/stm32h7xx_hal_dma.c.obj
                0x080027a8                HAL_DMA_Init
 .text.HAL_DMA_Start_IT
                0x08002b44      0x298 CMakeFiles/dm_h723_lib.elf.dir/Drivers/STM32H7xx_HAL_Driver/Src/stm32h7xx_hal_dma.c.obj
                0x08002b44                HAL_DMA_Start_IT
 .text.HAL_DMA_Abort
                0x08002ddc      0x340 CMakeFiles/dm_h723_lib.elf.dir/Drivers/STM32H7xx_HAL_Driver/Src/stm32h7xx_hal_dma.c.obj
                0x08002ddc                HAL_DMA_Abort
 .text.HAL_DMA_Abort_IT
                0x0800311c      0x270 CMakeFiles/dm_h723_lib.elf.dir/Drivers/STM32H7xx_HAL_Driver/Src/stm32h7xx_hal_dma.c.obj
                0x0800311c                HAL_DMA_Abort_IT
 .text.HAL_DMA_IRQHandler
                0x0800338c      0x738 CMakeFiles/dm_h723_lib.elf.dir/Drivers/STM32H7xx_HAL_Driver/Src/stm32h7xx_hal_dma.c.obj
                0x0800338c                HAL_DMA_IRQHandler
 .text.FDCAN_CalcultateRamBlockAddresses
                0x08003ac4      0x1d4 CMakeFiles/dm_h723_lib.elf.dir/Drivers/STM32H7xx_HAL_Driver/Src/stm32h7xx_hal_fdcan.c.obj
 .text.FDCAN_CopyMessageToRAM
                0x08003c98       0x8c CMakeFiles/dm_h723_lib.elf.dir/Drivers/STM32H7xx_HAL_Driver/Src/stm32h7xx_hal_fdcan.c.obj
 .text.HAL_FDCAN_Init
                0x08003d24      0x294 CMakeFiles/dm_h723_lib.elf.dir/Drivers/STM32H7xx_HAL_Driver/Src/stm32h7xx_hal_fdcan.c.obj
                0x08003d24                HAL_FDCAN_Init
 .text.HAL_FDCAN_ConfigFilter
                0x08003fb8       0x8a CMakeFiles/dm_h723_lib.elf.dir/Drivers/STM32H7xx_HAL_Driver/Src/stm32h7xx_hal_fdcan.c.obj
                0x08003fb8                HAL_FDCAN_ConfigFilter
 .text.HAL_FDCAN_ConfigGlobalFilter
                0x08004042       0x36 CMakeFiles/dm_h723_lib.elf.dir/Drivers/STM32H7xx_HAL_Driver/Src/stm32h7xx_hal_fdcan.c.obj
                0x08004042                HAL_FDCAN_ConfigGlobalFilter
 .text.HAL_FDCAN_Start
                0x08004078       0x34 CMakeFiles/dm_h723_lib.elf.dir/Drivers/STM32H7xx_HAL_Driver/Src/stm32h7xx_hal_fdcan.c.obj
                0x08004078                HAL_FDCAN_Start
 .text.HAL_FDCAN_AddMessageToTxFifoQ
                0x080040ac       0x76 CMakeFiles/dm_h723_lib.elf.dir/Drivers/STM32H7xx_HAL_Driver/Src/stm32h7xx_hal_fdcan.c.obj
                0x080040ac                HAL_FDCAN_AddMessageToTxFifoQ
 *fill*         0x08004122        0x2 
 .text.HAL_FDCAN_GetRxMessage
                0x08004124      0x1e4 CMakeFiles/dm_h723_lib.elf.dir/Drivers/STM32H7xx_HAL_Driver/Src/stm32h7xx_hal_fdcan.c.obj
                0x08004124                HAL_FDCAN_GetRxMessage
 .text.HAL_FDCAN_ActivateNotification
                0x08004308       0x90 CMakeFiles/dm_h723_lib.elf.dir/Drivers/STM32H7xx_HAL_Driver/Src/stm32h7xx_hal_fdcan.c.obj
                0x08004308                HAL_FDCAN_ActivateNotification
 .text.HAL_FDCAN_ClockCalibrationCallback
                0x08004398        0x2 CMakeFiles/dm_h723_lib.elf.dir/Drivers/STM32H7xx_HAL_Driver/Src/stm32h7xx_hal_fdcan.c.obj
                0x08004398                HAL_FDCAN_ClockCalibrationCallback
 .text.HAL_FDCAN_TxEventFifoCallback
                0x0800439a        0x2 CMakeFiles/dm_h723_lib.elf.dir/Drivers/STM32H7xx_HAL_Driver/Src/stm32h7xx_hal_fdcan.c.obj
                0x0800439a                HAL_FDCAN_TxEventFifoCallback
 .text.HAL_FDCAN_RxFifo1Callback
                0x0800439c        0x2 CMakeFiles/dm_h723_lib.elf.dir/Drivers/STM32H7xx_HAL_Driver/Src/stm32h7xx_hal_fdcan.c.obj
                0x0800439c                HAL_FDCAN_RxFifo1Callback
 .text.HAL_FDCAN_TxFifoEmptyCallback
                0x0800439e        0x2 CMakeFiles/dm_h723_lib.elf.dir/Drivers/STM32H7xx_HAL_Driver/Src/stm32h7xx_hal_fdcan.c.obj
                0x0800439e                HAL_FDCAN_TxFifoEmptyCallback
 .text.HAL_FDCAN_TxBufferCompleteCallback
                0x080043a0        0x2 CMakeFiles/dm_h723_lib.elf.dir/Drivers/STM32H7xx_HAL_Driver/Src/stm32h7xx_hal_fdcan.c.obj
                0x080043a0                HAL_FDCAN_TxBufferCompleteCallback
 .text.HAL_FDCAN_TxBufferAbortCallback
                0x080043a2        0x2 CMakeFiles/dm_h723_lib.elf.dir/Drivers/STM32H7xx_HAL_Driver/Src/stm32h7xx_hal_fdcan.c.obj
                0x080043a2                HAL_FDCAN_TxBufferAbortCallback
 .text.HAL_FDCAN_RxBufferNewMessageCallback
                0x080043a4        0x2 CMakeFiles/dm_h723_lib.elf.dir/Drivers/STM32H7xx_HAL_Driver/Src/stm32h7xx_hal_fdcan.c.obj
                0x080043a4                HAL_FDCAN_RxBufferNewMessageCallback
 .text.HAL_FDCAN_TimestampWraparoundCallback
                0x080043a6        0x2 CMakeFiles/dm_h723_lib.elf.dir/Drivers/STM32H7xx_HAL_Driver/Src/stm32h7xx_hal_fdcan.c.obj
                0x080043a6                HAL_FDCAN_TimestampWraparoundCallback
 .text.HAL_FDCAN_TimeoutOccurredCallback
                0x080043a8        0x2 CMakeFiles/dm_h723_lib.elf.dir/Drivers/STM32H7xx_HAL_Driver/Src/stm32h7xx_hal_fdcan.c.obj
                0x080043a8                HAL_FDCAN_TimeoutOccurredCallback
 .text.HAL_FDCAN_HighPriorityMessageCallback
                0x080043aa        0x2 CMakeFiles/dm_h723_lib.elf.dir/Drivers/STM32H7xx_HAL_Driver/Src/stm32h7xx_hal_fdcan.c.obj
                0x080043aa                HAL_FDCAN_HighPriorityMessageCallback
 .text.HAL_FDCAN_ErrorCallback
                0x080043ac        0x2 CMakeFiles/dm_h723_lib.elf.dir/Drivers/STM32H7xx_HAL_Driver/Src/stm32h7xx_hal_fdcan.c.obj
                0x080043ac                HAL_FDCAN_ErrorCallback
 .text.HAL_FDCAN_ErrorStatusCallback
                0x080043ae        0x2 CMakeFiles/dm_h723_lib.elf.dir/Drivers/STM32H7xx_HAL_Driver/Src/stm32h7xx_hal_fdcan.c.obj
                0x080043ae                HAL_FDCAN_ErrorStatusCallback
 .text.HAL_FDCAN_TT_ScheduleSyncCallback
                0x080043b0        0x2 CMakeFiles/dm_h723_lib.elf.dir/Drivers/STM32H7xx_HAL_Driver/Src/stm32h7xx_hal_fdcan.c.obj
                0x080043b0                HAL_FDCAN_TT_ScheduleSyncCallback
 .text.HAL_FDCAN_TT_TimeMarkCallback
                0x080043b2        0x2 CMakeFiles/dm_h723_lib.elf.dir/Drivers/STM32H7xx_HAL_Driver/Src/stm32h7xx_hal_fdcan.c.obj
                0x080043b2                HAL_FDCAN_TT_TimeMarkCallback
 .text.HAL_FDCAN_TT_StopWatchCallback
                0x080043b4        0x2 CMakeFiles/dm_h723_lib.elf.dir/Drivers/STM32H7xx_HAL_Driver/Src/stm32h7xx_hal_fdcan.c.obj
                0x080043b4                HAL_FDCAN_TT_StopWatchCallback
 .text.HAL_FDCAN_TT_GlobalTimeCallback
                0x080043b6        0x2 CMakeFiles/dm_h723_lib.elf.dir/Drivers/STM32H7xx_HAL_Driver/Src/stm32h7xx_hal_fdcan.c.obj
                0x080043b6                HAL_FDCAN_TT_GlobalTimeCallback
 .text.HAL_FDCAN_IRQHandler
                0x080043b8      0x320 CMakeFiles/dm_h723_lib.elf.dir/Drivers/STM32H7xx_HAL_Driver/Src/stm32h7xx_hal_fdcan.c.obj
                0x080043b8                HAL_FDCAN_IRQHandler
 .text.HAL_GPIO_Init
                0x080046d8      0x214 CMakeFiles/dm_h723_lib.elf.dir/Drivers/STM32H7xx_HAL_Driver/Src/stm32h7xx_hal_gpio.c.obj
                0x080046d8                HAL_GPIO_Init
 .text.HAL_GPIO_WritePin
                0x080048ec        0xc CMakeFiles/dm_h723_lib.elf.dir/Drivers/STM32H7xx_HAL_Driver/Src/stm32h7xx_hal_gpio.c.obj
                0x080048ec                HAL_GPIO_WritePin
 .text.HAL_PWREx_ConfigSupply
                0x080048f8       0x54 CMakeFiles/dm_h723_lib.elf.dir/Drivers/STM32H7xx_HAL_Driver/Src/stm32h7xx_hal_pwr_ex.c.obj
                0x080048f8                HAL_PWREx_ConfigSupply
 .text.HAL_RCC_OscConfig
                0x0800494c      0x5e4 CMakeFiles/dm_h723_lib.elf.dir/Drivers/STM32H7xx_HAL_Driver/Src/stm32h7xx_hal_rcc.c.obj
                0x0800494c                HAL_RCC_OscConfig
 .text.HAL_RCC_GetSysClockFreq
                0x08004f30      0x1f8 CMakeFiles/dm_h723_lib.elf.dir/Drivers/STM32H7xx_HAL_Driver/Src/stm32h7xx_hal_rcc.c.obj
                0x08004f30                HAL_RCC_GetSysClockFreq
 .text.HAL_RCC_ClockConfig
                0x08005128      0x294 CMakeFiles/dm_h723_lib.elf.dir/Drivers/STM32H7xx_HAL_Driver/Src/stm32h7xx_hal_rcc.c.obj
                0x08005128                HAL_RCC_ClockConfig
 .text.HAL_RCC_GetHCLKFreq
                0x080053bc       0x44 CMakeFiles/dm_h723_lib.elf.dir/Drivers/STM32H7xx_HAL_Driver/Src/stm32h7xx_hal_rcc.c.obj
                0x080053bc                HAL_RCC_GetHCLKFreq
 .text.HAL_RCC_GetPCLK1Freq
                0x08005400       0x24 CMakeFiles/dm_h723_lib.elf.dir/Drivers/STM32H7xx_HAL_Driver/Src/stm32h7xx_hal_rcc.c.obj
                0x08005400                HAL_RCC_GetPCLK1Freq
 .text.HAL_RCC_GetPCLK2Freq
                0x08005424       0x24 CMakeFiles/dm_h723_lib.elf.dir/Drivers/STM32H7xx_HAL_Driver/Src/stm32h7xx_hal_rcc.c.obj
                0x08005424                HAL_RCC_GetPCLK2Freq
 .text.HAL_RCC_GetClockConfig
                0x08005448       0x54 CMakeFiles/dm_h723_lib.elf.dir/Drivers/STM32H7xx_HAL_Driver/Src/stm32h7xx_hal_rcc.c.obj
                0x08005448                HAL_RCC_GetClockConfig
 .text.RCCEx_PLL2_Config
                0x0800549c      0x108 CMakeFiles/dm_h723_lib.elf.dir/Drivers/STM32H7xx_HAL_Driver/Src/stm32h7xx_hal_rcc_ex.c.obj
 .text.RCCEx_PLL3_Config
                0x080055a4      0x108 CMakeFiles/dm_h723_lib.elf.dir/Drivers/STM32H7xx_HAL_Driver/Src/stm32h7xx_hal_rcc_ex.c.obj
 .text.HAL_RCCEx_PeriphCLKConfig
                0x080056ac      0xa2c CMakeFiles/dm_h723_lib.elf.dir/Drivers/STM32H7xx_HAL_Driver/Src/stm32h7xx_hal_rcc_ex.c.obj
                0x080056ac                HAL_RCCEx_PeriphCLKConfig
 .text.HAL_RCCEx_GetD3PCLK1Freq
                0x080060d8       0x24 CMakeFiles/dm_h723_lib.elf.dir/Drivers/STM32H7xx_HAL_Driver/Src/stm32h7xx_hal_rcc_ex.c.obj
                0x080060d8                HAL_RCCEx_GetD3PCLK1Freq
 .text.HAL_RCCEx_GetPLL2ClockFreq
                0x080060fc      0x200 CMakeFiles/dm_h723_lib.elf.dir/Drivers/STM32H7xx_HAL_Driver/Src/stm32h7xx_hal_rcc_ex.c.obj
                0x080060fc                HAL_RCCEx_GetPLL2ClockFreq
 .text.HAL_RCCEx_GetPLL3ClockFreq
                0x080062fc      0x200 CMakeFiles/dm_h723_lib.elf.dir/Drivers/STM32H7xx_HAL_Driver/Src/stm32h7xx_hal_rcc_ex.c.obj
                0x080062fc                HAL_RCCEx_GetPLL3ClockFreq
 .text.SPI_CloseTransfer
                0x080064fc       0xd0 CMakeFiles/dm_h723_lib.elf.dir/Drivers/STM32H7xx_HAL_Driver/Src/stm32h7xx_hal_spi.c.obj
 .text.SPI_GetPacketSize
                0x080065cc       0x10 CMakeFiles/dm_h723_lib.elf.dir/Drivers/STM32H7xx_HAL_Driver/Src/stm32h7xx_hal_spi.c.obj
 .text.SPI_WaitOnFlagUntilTimeout
                0x080065dc       0x48 CMakeFiles/dm_h723_lib.elf.dir/Drivers/STM32H7xx_HAL_Driver/Src/stm32h7xx_hal_spi.c.obj
 .text.HAL_SPI_Init
                0x08006624      0x190 CMakeFiles/dm_h723_lib.elf.dir/Drivers/STM32H7xx_HAL_Driver/Src/stm32h7xx_hal_spi.c.obj
                0x08006624                HAL_SPI_Init
 .text.HAL_SPI_Transmit
                0x080067b4      0x2c0 CMakeFiles/dm_h723_lib.elf.dir/Drivers/STM32H7xx_HAL_Driver/Src/stm32h7xx_hal_spi.c.obj
                0x080067b4                HAL_SPI_Transmit
 .text.HAL_SPI_TransmitReceive
                0x08006a74      0x490 CMakeFiles/dm_h723_lib.elf.dir/Drivers/STM32H7xx_HAL_Driver/Src/stm32h7xx_hal_spi.c.obj
                0x08006a74                HAL_SPI_TransmitReceive
 .text.HAL_SPI_TxCpltCallback
                0x08006f04        0x2 CMakeFiles/dm_h723_lib.elf.dir/Drivers/STM32H7xx_HAL_Driver/Src/stm32h7xx_hal_spi.c.obj
                0x08006f04                HAL_SPI_TxCpltCallback
 .text.HAL_SPI_RxCpltCallback
                0x08006f06        0x2 CMakeFiles/dm_h723_lib.elf.dir/Drivers/STM32H7xx_HAL_Driver/Src/stm32h7xx_hal_spi.c.obj
                0x08006f06                HAL_SPI_RxCpltCallback
 .text.HAL_SPI_TxRxCpltCallback
                0x08006f08        0x2 CMakeFiles/dm_h723_lib.elf.dir/Drivers/STM32H7xx_HAL_Driver/Src/stm32h7xx_hal_spi.c.obj
                0x08006f08                HAL_SPI_TxRxCpltCallback
 .text.HAL_SPI_ErrorCallback
                0x08006f0a        0x2 CMakeFiles/dm_h723_lib.elf.dir/Drivers/STM32H7xx_HAL_Driver/Src/stm32h7xx_hal_spi.c.obj
                0x08006f0a                HAL_SPI_ErrorCallback
 .text.SPI_DMAAbortOnError
                0x08006f0c       0x1a CMakeFiles/dm_h723_lib.elf.dir/Drivers/STM32H7xx_HAL_Driver/Src/stm32h7xx_hal_spi.c.obj
 .text.HAL_SPI_SuspendCallback
                0x08006f26        0x2 CMakeFiles/dm_h723_lib.elf.dir/Drivers/STM32H7xx_HAL_Driver/Src/stm32h7xx_hal_spi.c.obj
                0x08006f26                HAL_SPI_SuspendCallback
 .text.HAL_SPI_IRQHandler
                0x08006f28      0x240 CMakeFiles/dm_h723_lib.elf.dir/Drivers/STM32H7xx_HAL_Driver/Src/stm32h7xx_hal_spi.c.obj
                0x08006f28                HAL_SPI_IRQHandler
 .text.HAL_TIM_Base_MspInit
                0x08007168        0x2 CMakeFiles/dm_h723_lib.elf.dir/Drivers/STM32H7xx_HAL_Driver/Src/stm32h7xx_hal_tim.c.obj
                0x08007168                HAL_TIM_Base_MspInit
 *fill*         0x0800716a        0x2 
 .text.HAL_TIM_Base_Start_IT
                0x0800716c       0xa0 CMakeFiles/dm_h723_lib.elf.dir/Drivers/STM32H7xx_HAL_Driver/Src/stm32h7xx_hal_tim.c.obj
                0x0800716c                HAL_TIM_Base_Start_IT
 .text.HAL_TIM_OC_DelayElapsedCallback
                0x0800720c        0x2 CMakeFiles/dm_h723_lib.elf.dir/Drivers/STM32H7xx_HAL_Driver/Src/stm32h7xx_hal_tim.c.obj
                0x0800720c                HAL_TIM_OC_DelayElapsedCallback
 .text.HAL_TIM_IC_CaptureCallback
                0x0800720e        0x2 CMakeFiles/dm_h723_lib.elf.dir/Drivers/STM32H7xx_HAL_Driver/Src/stm32h7xx_hal_tim.c.obj
                0x0800720e                HAL_TIM_IC_CaptureCallback
 .text.HAL_TIM_PWM_PulseFinishedCallback
                0x08007210        0x2 CMakeFiles/dm_h723_lib.elf.dir/Drivers/STM32H7xx_HAL_Driver/Src/stm32h7xx_hal_tim.c.obj
                0x08007210                HAL_TIM_PWM_PulseFinishedCallback
 .text.HAL_TIM_TriggerCallback
                0x08007212        0x2 CMakeFiles/dm_h723_lib.elf.dir/Drivers/STM32H7xx_HAL_Driver/Src/stm32h7xx_hal_tim.c.obj
                0x08007212                HAL_TIM_TriggerCallback
 .text.HAL_TIM_IRQHandler
                0x08007214      0x17a CMakeFiles/dm_h723_lib.elf.dir/Drivers/STM32H7xx_HAL_Driver/Src/stm32h7xx_hal_tim.c.obj
                0x08007214                HAL_TIM_IRQHandler
 *fill*         0x0800738e        0x2 
 .text.TIM_Base_SetConfig
                0x08007390      0x130 CMakeFiles/dm_h723_lib.elf.dir/Drivers/STM32H7xx_HAL_Driver/Src/stm32h7xx_hal_tim.c.obj
                0x08007390                TIM_Base_SetConfig
 .text.HAL_TIM_Base_Init
                0x080074c0       0x60 CMakeFiles/dm_h723_lib.elf.dir/Drivers/STM32H7xx_HAL_Driver/Src/stm32h7xx_hal_tim.c.obj
                0x080074c0                HAL_TIM_Base_Init
 .text.HAL_TIMEx_CommutCallback
                0x08007520        0x2 CMakeFiles/dm_h723_lib.elf.dir/Drivers/STM32H7xx_HAL_Driver/Src/stm32h7xx_hal_tim_ex.c.obj
                0x08007520                HAL_TIMEx_CommutCallback
 .text.HAL_TIMEx_BreakCallback
                0x08007522        0x2 CMakeFiles/dm_h723_lib.elf.dir/Drivers/STM32H7xx_HAL_Driver/Src/stm32h7xx_hal_tim_ex.c.obj
                0x08007522                HAL_TIMEx_BreakCallback
 .text.HAL_TIMEx_Break2Callback
                0x08007524        0x2 CMakeFiles/dm_h723_lib.elf.dir/Drivers/STM32H7xx_HAL_Driver/Src/stm32h7xx_hal_tim_ex.c.obj
                0x08007524                HAL_TIMEx_Break2Callback
 .text.UART_EndTxTransfer
                0x08007526       0x32 CMakeFiles/dm_h723_lib.elf.dir/Drivers/STM32H7xx_HAL_Driver/Src/stm32h7xx_hal_uart.c.obj
 .text.UART_EndRxTransfer
                0x08007558       0x58 CMakeFiles/dm_h723_lib.elf.dir/Drivers/STM32H7xx_HAL_Driver/Src/stm32h7xx_hal_uart.c.obj
 .text.HAL_UART_TxCpltCallback
                0x080075b0        0x2 CMakeFiles/dm_h723_lib.elf.dir/Drivers/STM32H7xx_HAL_Driver/Src/stm32h7xx_hal_uart.c.obj
                0x080075b0                HAL_UART_TxCpltCallback
 .text.UART_EndTransmit_IT
                0x080075b2       0x24 CMakeFiles/dm_h723_lib.elf.dir/Drivers/STM32H7xx_HAL_Driver/Src/stm32h7xx_hal_uart.c.obj
 .text.HAL_UART_RxCpltCallback
                0x080075d6        0x2 CMakeFiles/dm_h723_lib.elf.dir/Drivers/STM32H7xx_HAL_Driver/Src/stm32h7xx_hal_uart.c.obj
                0x080075d6                HAL_UART_RxCpltCallback
 .text.HAL_UART_RxHalfCpltCallback
                0x080075d8        0x2 CMakeFiles/dm_h723_lib.elf.dir/Drivers/STM32H7xx_HAL_Driver/Src/stm32h7xx_hal_uart.c.obj
                0x080075d8                HAL_UART_RxHalfCpltCallback
 .text.UART_DMAError
                0x080075da       0x58 CMakeFiles/dm_h723_lib.elf.dir/Drivers/STM32H7xx_HAL_Driver/Src/stm32h7xx_hal_uart.c.obj
 .text.UART_DMAAbortOnError
                0x08007632       0x14 CMakeFiles/dm_h723_lib.elf.dir/Drivers/STM32H7xx_HAL_Driver/Src/stm32h7xx_hal_uart.c.obj
 *fill*         0x08007646        0x2 
 .text.HAL_UART_IRQHandler
                0x08007648      0x3b4 CMakeFiles/dm_h723_lib.elf.dir/Drivers/STM32H7xx_HAL_Driver/Src/stm32h7xx_hal_uart.c.obj
                0x08007648                HAL_UART_IRQHandler
 .text.UART_DMARxHalfCplt
                0x080079fc       0x20 CMakeFiles/dm_h723_lib.elf.dir/Drivers/STM32H7xx_HAL_Driver/Src/stm32h7xx_hal_uart.c.obj
 .text.UART_DMAReceiveCplt
                0x08007a1c       0x90 CMakeFiles/dm_h723_lib.elf.dir/Drivers/STM32H7xx_HAL_Driver/Src/stm32h7xx_hal_uart.c.obj
 .text.UART_SetConfig
                0x08007aac      0x6c4 CMakeFiles/dm_h723_lib.elf.dir/Drivers/STM32H7xx_HAL_Driver/Src/stm32h7xx_hal_uart.c.obj
                0x08007aac                UART_SetConfig
 .text.UART_AdvFeatureConfig
                0x08008170       0xca CMakeFiles/dm_h723_lib.elf.dir/Drivers/STM32H7xx_HAL_Driver/Src/stm32h7xx_hal_uart.c.obj
                0x08008170                UART_AdvFeatureConfig
 .text.UART_WaitOnFlagUntilTimeout
                0x0800823a       0xa6 CMakeFiles/dm_h723_lib.elf.dir/Drivers/STM32H7xx_HAL_Driver/Src/stm32h7xx_hal_uart.c.obj
                0x0800823a                UART_WaitOnFlagUntilTimeout
 .text.HAL_UART_Transmit
                0x080082e0       0xd0 CMakeFiles/dm_h723_lib.elf.dir/Drivers/STM32H7xx_HAL_Driver/Src/stm32h7xx_hal_uart.c.obj
                0x080082e0                HAL_UART_Transmit
 .text.UART_CheckIdleState
                0x080083b0       0xca CMakeFiles/dm_h723_lib.elf.dir/Drivers/STM32H7xx_HAL_Driver/Src/stm32h7xx_hal_uart.c.obj
                0x080083b0                UART_CheckIdleState
 .text.HAL_UART_Init
                0x0800847a       0x66 CMakeFiles/dm_h723_lib.elf.dir/Drivers/STM32H7xx_HAL_Driver/Src/stm32h7xx_hal_uart.c.obj
                0x0800847a                HAL_UART_Init
 .text.UART_Start_Receive_DMA
                0x080084e0       0xb0 CMakeFiles/dm_h723_lib.elf.dir/Drivers/STM32H7xx_HAL_Driver/Src/stm32h7xx_hal_uart.c.obj
                0x080084e0                UART_Start_Receive_DMA
 .text.UARTEx_SetNbDataToProcess
                0x08008590       0x4c CMakeFiles/dm_h723_lib.elf.dir/Drivers/STM32H7xx_HAL_Driver/Src/stm32h7xx_hal_uart_ex.c.obj
 .text.HAL_UARTEx_WakeupCallback
                0x080085dc        0x2 CMakeFiles/dm_h723_lib.elf.dir/Drivers/STM32H7xx_HAL_Driver/Src/stm32h7xx_hal_uart_ex.c.obj
                0x080085dc                HAL_UARTEx_WakeupCallback
 .text.HAL_UARTEx_RxFifoFullCallback
                0x080085de        0x2 CMakeFiles/dm_h723_lib.elf.dir/Drivers/STM32H7xx_HAL_Driver/Src/stm32h7xx_hal_uart_ex.c.obj
                0x080085de                HAL_UARTEx_RxFifoFullCallback
 .text.HAL_UARTEx_TxFifoEmptyCallback
                0x080085e0        0x2 CMakeFiles/dm_h723_lib.elf.dir/Drivers/STM32H7xx_HAL_Driver/Src/stm32h7xx_hal_uart_ex.c.obj
                0x080085e0                HAL_UARTEx_TxFifoEmptyCallback
 .text.HAL_UARTEx_DisableFifoMode
                0x080085e2       0x3e CMakeFiles/dm_h723_lib.elf.dir/Drivers/STM32H7xx_HAL_Driver/Src/stm32h7xx_hal_uart_ex.c.obj
                0x080085e2                HAL_UARTEx_DisableFifoMode
 .text.HAL_UARTEx_SetTxFifoThreshold
                0x08008620       0x4a CMakeFiles/dm_h723_lib.elf.dir/Drivers/STM32H7xx_HAL_Driver/Src/stm32h7xx_hal_uart_ex.c.obj
                0x08008620                HAL_UARTEx_SetTxFifoThreshold
 .text.HAL_UARTEx_SetRxFifoThreshold
                0x0800866a       0x4a CMakeFiles/dm_h723_lib.elf.dir/Drivers/STM32H7xx_HAL_Driver/Src/stm32h7xx_hal_uart_ex.c.obj
                0x0800866a                HAL_UARTEx_SetRxFifoThreshold
 .text.HAL_UARTEx_ReceiveToIdle_DMA
                0x080086b4       0x50 CMakeFiles/dm_h723_lib.elf.dir/Drivers/STM32H7xx_HAL_Driver/Src/stm32h7xx_hal_uart_ex.c.obj
                0x080086b4                HAL_UARTEx_ReceiveToIdle_DMA
 .text.makeFreeRtosPriority
                0x08008704        0xc CMakeFiles/dm_h723_lib.elf.dir/Middlewares/Third_Party/FreeRTOS/Source/CMSIS_RTOS/cmsis_os.c.obj
 .text.osKernelStart
                0x08008710        0xa CMakeFiles/dm_h723_lib.elf.dir/Middlewares/Third_Party/FreeRTOS/Source/CMSIS_RTOS/cmsis_os.c.obj
                0x08008710                osKernelStart
 .text.osThreadCreate
                0x0800871a       0x66 CMakeFiles/dm_h723_lib.elf.dir/Middlewares/Third_Party/FreeRTOS/Source/CMSIS_RTOS/cmsis_os.c.obj
                0x0800871a                osThreadCreate
 .text.osDelay  0x08008780        0xe CMakeFiles/dm_h723_lib.elf.dir/Middlewares/Third_Party/FreeRTOS/Source/CMSIS_RTOS/cmsis_os.c.obj
                0x08008780                osDelay
 .text.vListInitialise
                0x0800878e       0x16 CMakeFiles/dm_h723_lib.elf.dir/Middlewares/Third_Party/FreeRTOS/Source/list.c.obj
                0x0800878e                vListInitialise
 .text.vListInitialiseItem
                0x080087a4        0x6 CMakeFiles/dm_h723_lib.elf.dir/Middlewares/Third_Party/FreeRTOS/Source/list.c.obj
                0x080087a4                vListInitialiseItem
 .text.vListInsertEnd
                0x080087aa       0x16 CMakeFiles/dm_h723_lib.elf.dir/Middlewares/Third_Party/FreeRTOS/Source/list.c.obj
                0x080087aa                vListInsertEnd
 .text.vListInsert
                0x080087c0       0x32 CMakeFiles/dm_h723_lib.elf.dir/Middlewares/Third_Party/FreeRTOS/Source/list.c.obj
                0x080087c0                vListInsert
 .text.uxListRemove
                0x080087f2       0x26 CMakeFiles/dm_h723_lib.elf.dir/Middlewares/Third_Party/FreeRTOS/Source/list.c.obj
                0x080087f2                uxListRemove
 .text.prvTaskExitError
                0x08008818       0x40 CMakeFiles/dm_h723_lib.elf.dir/Middlewares/Third_Party/FreeRTOS/Source/portable/GCC/ARM_CM4F/port.c.obj
 .text.prvPortStartFirstTask
                0x08008858       0x28 CMakeFiles/dm_h723_lib.elf.dir/Middlewares/Third_Party/FreeRTOS/Source/portable/GCC/ARM_CM4F/port.c.obj
 .text.vPortEnableVFP
                0x08008880       0x14 CMakeFiles/dm_h723_lib.elf.dir/Middlewares/Third_Party/FreeRTOS/Source/portable/GCC/ARM_CM4F/port.c.obj
 .text.pxPortInitialiseStack
                0x08008894       0x2c CMakeFiles/dm_h723_lib.elf.dir/Middlewares/Third_Party/FreeRTOS/Source/portable/GCC/ARM_CM4F/port.c.obj
                0x08008894                pxPortInitialiseStack
 .text.SVC_Handler
                0x080088c0       0x24 CMakeFiles/dm_h723_lib.elf.dir/Middlewares/Third_Party/FreeRTOS/Source/portable/GCC/ARM_CM4F/port.c.obj
                0x080088c0                SVC_Handler
 .text.vPortEnterCritical
                0x080088e4       0x44 CMakeFiles/dm_h723_lib.elf.dir/Middlewares/Third_Party/FreeRTOS/Source/portable/GCC/ARM_CM4F/port.c.obj
                0x080088e4                vPortEnterCritical
 .text.vPortExitCritical
                0x08008928       0x2c CMakeFiles/dm_h723_lib.elf.dir/Middlewares/Third_Party/FreeRTOS/Source/portable/GCC/ARM_CM4F/port.c.obj
                0x08008928                vPortExitCritical
 *fill*         0x08008954        0xc 
 .text.PendSV_Handler
                0x08008960       0x64 CMakeFiles/dm_h723_lib.elf.dir/Middlewares/Third_Party/FreeRTOS/Source/portable/GCC/ARM_CM4F/port.c.obj
                0x08008960                PendSV_Handler
 .text.SysTick_Handler
                0x080089c4       0x2c CMakeFiles/dm_h723_lib.elf.dir/Middlewares/Third_Party/FreeRTOS/Source/portable/GCC/ARM_CM4F/port.c.obj
                0x080089c4                SysTick_Handler
 .text.vPortSetupTimerInterrupt
                0x080089f0       0x28 CMakeFiles/dm_h723_lib.elf.dir/Middlewares/Third_Party/FreeRTOS/Source/portable/GCC/ARM_CM4F/port.c.obj
                0x080089f0                vPortSetupTimerInterrupt
 .text.xPortStartScheduler
                0x08008a18      0x118 CMakeFiles/dm_h723_lib.elf.dir/Middlewares/Third_Party/FreeRTOS/Source/portable/GCC/ARM_CM4F/port.c.obj
                0x08008a18                xPortStartScheduler
 .text.prvHeapInit
                0x08008b30       0x68 CMakeFiles/dm_h723_lib.elf.dir/Middlewares/Third_Party/FreeRTOS/Source/portable/MemMang/heap_4.c.obj
 .text.prvInsertBlockIntoFreeList
                0x08008b98       0x64 CMakeFiles/dm_h723_lib.elf.dir/Middlewares/Third_Party/FreeRTOS/Source/portable/MemMang/heap_4.c.obj
 .text.pvPortMalloc
                0x08008bfc      0x104 CMakeFiles/dm_h723_lib.elf.dir/Middlewares/Third_Party/FreeRTOS/Source/portable/MemMang/heap_4.c.obj
                0x08008bfc                pvPortMalloc
 .text.vPortFree
                0x08008d00       0x7c CMakeFiles/dm_h723_lib.elf.dir/Middlewares/Third_Party/FreeRTOS/Source/portable/MemMang/heap_4.c.obj
                0x08008d00                vPortFree
 .text.prvResetNextTaskUnblockTime
                0x08008d7c       0x2c CMakeFiles/dm_h723_lib.elf.dir/Middlewares/Third_Party/FreeRTOS/Source/tasks.c.obj
 .text.prvInitialiseNewTask
                0x08008da8       0xfc CMakeFiles/dm_h723_lib.elf.dir/Middlewares/Third_Party/FreeRTOS/Source/tasks.c.obj
 .text.prvInitialiseTaskLists
                0x08008ea4       0x68 CMakeFiles/dm_h723_lib.elf.dir/Middlewares/Third_Party/FreeRTOS/Source/tasks.c.obj
 .text.prvAddNewTaskToReadyList
                0x08008f0c       0xa8 CMakeFiles/dm_h723_lib.elf.dir/Middlewares/Third_Party/FreeRTOS/Source/tasks.c.obj
 .text.prvDeleteTCB
                0x08008fb4       0x40 CMakeFiles/dm_h723_lib.elf.dir/Middlewares/Third_Party/FreeRTOS/Source/tasks.c.obj
 .text.prvCheckTasksWaitingTermination
                0x08008ff4       0x4c CMakeFiles/dm_h723_lib.elf.dir/Middlewares/Third_Party/FreeRTOS/Source/tasks.c.obj
 .text.prvIdleTask
                0x08009040       0x28 CMakeFiles/dm_h723_lib.elf.dir/Middlewares/Third_Party/FreeRTOS/Source/tasks.c.obj
 .text.prvAddCurrentTaskToDelayedList
                0x08009068       0xa0 CMakeFiles/dm_h723_lib.elf.dir/Middlewares/Third_Party/FreeRTOS/Source/tasks.c.obj
 .text.xTaskCreateStatic
                0x08009108       0x7a CMakeFiles/dm_h723_lib.elf.dir/Middlewares/Third_Party/FreeRTOS/Source/tasks.c.obj
                0x08009108                xTaskCreateStatic
 .text.xTaskCreate
                0x08009182       0x66 CMakeFiles/dm_h723_lib.elf.dir/Middlewares/Third_Party/FreeRTOS/Source/tasks.c.obj
                0x08009182                xTaskCreate
 .text.vTaskStartScheduler
                0x080091e8       0x84 CMakeFiles/dm_h723_lib.elf.dir/Middlewares/Third_Party/FreeRTOS/Source/tasks.c.obj
                0x080091e8                vTaskStartScheduler
 .text.vTaskSuspendAll
                0x0800926c       0x10 CMakeFiles/dm_h723_lib.elf.dir/Middlewares/Third_Party/FreeRTOS/Source/tasks.c.obj
                0x0800926c                vTaskSuspendAll
 .text.xTaskIncrementTick
                0x0800927c      0x118 CMakeFiles/dm_h723_lib.elf.dir/Middlewares/Third_Party/FreeRTOS/Source/tasks.c.obj
                0x0800927c                xTaskIncrementTick
 .text.xTaskResumeAll
                0x08009394       0xf8 CMakeFiles/dm_h723_lib.elf.dir/Middlewares/Third_Party/FreeRTOS/Source/tasks.c.obj
                0x08009394                xTaskResumeAll
 .text.vTaskDelay
                0x0800948c       0x4c CMakeFiles/dm_h723_lib.elf.dir/Middlewares/Third_Party/FreeRTOS/Source/tasks.c.obj
                0x0800948c                vTaskDelay
 .text.vTaskSwitchContext
                0x080094d8       0xa4 CMakeFiles/dm_h723_lib.elf.dir/Middlewares/Third_Party/FreeRTOS/Source/tasks.c.obj
                0x080094d8                vTaskSwitchContext
 .text.DWT_Init
                0x0800957c       0x30 CMakeFiles/dm_h723_lib.elf.dir/code_mf/Src/BMI088Middleware.c.obj
                0x0800957c                DWT_Init
 .text.BMI088_GPIO_init
                0x080095ac        0x2 CMakeFiles/dm_h723_lib.elf.dir/code_mf/Src/BMI088Middleware.c.obj
                0x080095ac                BMI088_GPIO_init
 .text.BMI088_com_init
                0x080095ae        0x8 CMakeFiles/dm_h723_lib.elf.dir/code_mf/Src/BMI088Middleware.c.obj
                0x080095ae                BMI088_com_init
 *fill*         0x080095b6        0x2 
 .text.BMI088_delay_us
                0x080095b8       0x2c CMakeFiles/dm_h723_lib.elf.dir/code_mf/Src/BMI088Middleware.c.obj
                0x080095b8                BMI088_delay_us
 .text.BMI088_delay_ms
                0x080095e4       0x18 CMakeFiles/dm_h723_lib.elf.dir/code_mf/Src/BMI088Middleware.c.obj
                0x080095e4                BMI088_delay_ms
 .text.BMI088_ACCEL_NS_L
                0x080095fc       0x14 CMakeFiles/dm_h723_lib.elf.dir/code_mf/Src/BMI088Middleware.c.obj
                0x080095fc                BMI088_ACCEL_NS_L
 .text.BMI088_ACCEL_NS_H
                0x08009610       0x14 CMakeFiles/dm_h723_lib.elf.dir/code_mf/Src/BMI088Middleware.c.obj
                0x08009610                BMI088_ACCEL_NS_H
 .text.BMI088_GYRO_NS_L
                0x08009624       0x14 CMakeFiles/dm_h723_lib.elf.dir/code_mf/Src/BMI088Middleware.c.obj
                0x08009624                BMI088_GYRO_NS_L
 .text.BMI088_GYRO_NS_H
                0x08009638       0x14 CMakeFiles/dm_h723_lib.elf.dir/code_mf/Src/BMI088Middleware.c.obj
                0x08009638                BMI088_GYRO_NS_H
 .text.BMI088_read_write_byte
                0x0800964c       0x2c CMakeFiles/dm_h723_lib.elf.dir/code_mf/Src/BMI088Middleware.c.obj
                0x0800964c                BMI088_read_write_byte
 .text.BMI088_write_single_reg
                0x08009678       0x10 CMakeFiles/dm_h723_lib.elf.dir/code_mf/Src/BMI088driver.c.obj
 .text.BMI088_read_single_reg
                0x08009688       0x16 CMakeFiles/dm_h723_lib.elf.dir/code_mf/Src/BMI088driver.c.obj
 .text.BMI088_read_muli_reg
                0x0800969e       0x24 CMakeFiles/dm_h723_lib.elf.dir/code_mf/Src/BMI088driver.c.obj
 *fill*         0x080096c2        0x2 
 .text.bmi088_accel_init
                0x080096c4      0x10c CMakeFiles/dm_h723_lib.elf.dir/code_mf/Src/BMI088driver.c.obj
                0x080096c4                bmi088_accel_init
 .text.bmi088_gyro_init
                0x080097d0       0xf0 CMakeFiles/dm_h723_lib.elf.dir/code_mf/Src/BMI088driver.c.obj
                0x080097d0                bmi088_gyro_init
 .text.BMI088_init
                0x080098c0       0x1a CMakeFiles/dm_h723_lib.elf.dir/code_mf/Src/BMI088driver.c.obj
                0x080098c0                BMI088_init
 *fill*         0x080098da        0x2 
 .text.BMI088_read
                0x080098dc      0x164 CMakeFiles/dm_h723_lib.elf.dir/code_mf/Src/BMI088driver.c.obj
                0x080098dc                BMI088_read
 .text.DM_CAN_SENT
                0x08009a40      0x114 CMakeFiles/dm_h723_lib.elf.dir/code_mf/Src/CAN_SENT_TASK.c.obj
                0x08009a40                DM_CAN_SENT
 .text.CAN_SENT_TASK
                0x08009b54       0xe0 CMakeFiles/dm_h723_lib.elf.dir/code_mf/Src/CAN_SENT_TASK.c.obj
                0x08009b54                CAN_SENT_TASK
 .text.chassis_all_4340_given_angle_get
                0x08009c34       0xdc CMakeFiles/dm_h723_lib.elf.dir/code_mf/Src/CHASSIS_TASK.c.obj
                0x08009c34                chassis_all_4340_given_angle_get
 .text.chassis_wheel_all_speed_get
                0x08009d10       0x60 CMakeFiles/dm_h723_lib.elf.dir/code_mf/Src/CHASSIS_TASK.c.obj
                0x08009d10                chassis_wheel_all_speed_get
 .text.chassis_caterpillar_track_speed_get
                0x08009d70       0x24 CMakeFiles/dm_h723_lib.elf.dir/code_mf/Src/CHASSIS_TASK.c.obj
                0x08009d70                chassis_caterpillar_track_speed_get
 .text.chassis_all_3508_speed_get
                0x08009d94        0xc CMakeFiles/dm_h723_lib.elf.dir/code_mf/Src/CHASSIS_TASK.c.obj
                0x08009d94                chassis_all_3508_speed_get
 .text.chassis_wheel_3508_speed_compute
                0x08009da0       0x60 CMakeFiles/dm_h723_lib.elf.dir/code_mf/Src/CHASSIS_TASK.c.obj
                0x08009da0                chassis_wheel_3508_speed_compute
 .text.chassis_track_3508_speed_compute
                0x08009e00       0x34 CMakeFiles/dm_h723_lib.elf.dir/code_mf/Src/CHASSIS_TASK.c.obj
                0x08009e00                chassis_track_3508_speed_compute
 .text.chassis_3508_id1_speed_pid_init
                0x08009e34       0x28 CMakeFiles/dm_h723_lib.elf.dir/code_mf/Src/CHASSIS_TASK.c.obj
                0x08009e34                chassis_3508_id1_speed_pid_init
 .text.chassis_3508_id1_speed_pid_loop
                0x08009e5c       0x34 CMakeFiles/dm_h723_lib.elf.dir/code_mf/Src/CHASSIS_TASK.c.obj
                0x08009e5c                chassis_3508_id1_speed_pid_loop
 .text.chassis_3508_id2_speed_pid_init
                0x08009e90       0x28 CMakeFiles/dm_h723_lib.elf.dir/code_mf/Src/CHASSIS_TASK.c.obj
                0x08009e90                chassis_3508_id2_speed_pid_init
 .text.chassis_3508_id2_speed_pid_loop
                0x08009eb8       0x34 CMakeFiles/dm_h723_lib.elf.dir/code_mf/Src/CHASSIS_TASK.c.obj
                0x08009eb8                chassis_3508_id2_speed_pid_loop
 .text.chassis_3508_id3_speed_pid_init
                0x08009eec       0x28 CMakeFiles/dm_h723_lib.elf.dir/code_mf/Src/CHASSIS_TASK.c.obj
                0x08009eec                chassis_3508_id3_speed_pid_init
 .text.chassis_3508_id3_speed_pid_loop
                0x08009f14       0x34 CMakeFiles/dm_h723_lib.elf.dir/code_mf/Src/CHASSIS_TASK.c.obj
                0x08009f14                chassis_3508_id3_speed_pid_loop
 .text.chassis_3508_id4_speed_pid_init
                0x08009f48       0x28 CMakeFiles/dm_h723_lib.elf.dir/code_mf/Src/CHASSIS_TASK.c.obj
                0x08009f48                chassis_3508_id4_speed_pid_init
 .text.chassis_3508_id4_speed_pid_loop
                0x08009f70       0x34 CMakeFiles/dm_h723_lib.elf.dir/code_mf/Src/CHASSIS_TASK.c.obj
                0x08009f70                chassis_3508_id4_speed_pid_loop
 .text.chassis_3508_id5_speed_pid_init
                0x08009fa4       0x28 CMakeFiles/dm_h723_lib.elf.dir/code_mf/Src/CHASSIS_TASK.c.obj
                0x08009fa4                chassis_3508_id5_speed_pid_init
 .text.chassis_3508_id5_speed_pid_loop
                0x08009fcc       0x34 CMakeFiles/dm_h723_lib.elf.dir/code_mf/Src/CHASSIS_TASK.c.obj
                0x08009fcc                chassis_3508_id5_speed_pid_loop
 .text.chassis_3508_id6_speed_pid_init
                0x0800a000       0x28 CMakeFiles/dm_h723_lib.elf.dir/code_mf/Src/CHASSIS_TASK.c.obj
                0x0800a000                chassis_3508_id6_speed_pid_init
 .text.chassis_3508_id6_speed_pid_loop
                0x0800a028       0x34 CMakeFiles/dm_h723_lib.elf.dir/code_mf/Src/CHASSIS_TASK.c.obj
                0x0800a028                chassis_3508_id6_speed_pid_loop
 .text.chassis_3508_pid_control
                0x0800a05c       0x88 CMakeFiles/dm_h723_lib.elf.dir/code_mf/Src/CHASSIS_TASK.c.obj
                0x0800a05c                chassis_3508_pid_control
 .text.chassis_4340_id1_speed_pid_init
                0x0800a0e4       0x20 CMakeFiles/dm_h723_lib.elf.dir/code_mf/Src/CHASSIS_TASK.c.obj
                0x0800a0e4                chassis_4340_id1_speed_pid_init
 .text.chassis_4340_id1_speed_pid_loop
                0x0800a104       0x24 CMakeFiles/dm_h723_lib.elf.dir/code_mf/Src/CHASSIS_TASK.c.obj
                0x0800a104                chassis_4340_id1_speed_pid_loop
 .text.chassis_4340_id1_angle_pid_init
                0x0800a128       0x24 CMakeFiles/dm_h723_lib.elf.dir/code_mf/Src/CHASSIS_TASK.c.obj
                0x0800a128                chassis_4340_id1_angle_pid_init
 .text.chassis_4340_id1_angle_pid_loop
                0x0800a14c       0x24 CMakeFiles/dm_h723_lib.elf.dir/code_mf/Src/CHASSIS_TASK.c.obj
                0x0800a14c                chassis_4340_id1_angle_pid_loop
 .text.chassis_4340_id2_speed_pid_init
                0x0800a170       0x20 CMakeFiles/dm_h723_lib.elf.dir/code_mf/Src/CHASSIS_TASK.c.obj
                0x0800a170                chassis_4340_id2_speed_pid_init
 .text.chassis_4340_id2_speed_pid_loop
                0x0800a190       0x24 CMakeFiles/dm_h723_lib.elf.dir/code_mf/Src/CHASSIS_TASK.c.obj
                0x0800a190                chassis_4340_id2_speed_pid_loop
 .text.chassis_4340_id2_angle_pid_init
                0x0800a1b4       0x24 CMakeFiles/dm_h723_lib.elf.dir/code_mf/Src/CHASSIS_TASK.c.obj
                0x0800a1b4                chassis_4340_id2_angle_pid_init
 .text.chassis_4340_id2_angle_pid_loop
                0x0800a1d8       0x24 CMakeFiles/dm_h723_lib.elf.dir/code_mf/Src/CHASSIS_TASK.c.obj
                0x0800a1d8                chassis_4340_id2_angle_pid_loop
 .text.chassis_4340_id3_speed_pid_init
                0x0800a1fc       0x20 CMakeFiles/dm_h723_lib.elf.dir/code_mf/Src/CHASSIS_TASK.c.obj
                0x0800a1fc                chassis_4340_id3_speed_pid_init
 .text.chassis_4340_id3_speed_pid_loop
                0x0800a21c       0x24 CMakeFiles/dm_h723_lib.elf.dir/code_mf/Src/CHASSIS_TASK.c.obj
                0x0800a21c                chassis_4340_id3_speed_pid_loop
 .text.chassis_4340_id3_angle_pid_init
                0x0800a240       0x24 CMakeFiles/dm_h723_lib.elf.dir/code_mf/Src/CHASSIS_TASK.c.obj
                0x0800a240                chassis_4340_id3_angle_pid_init
 .text.chassis_4340_id3_angle_pid_loop
                0x0800a264       0x24 CMakeFiles/dm_h723_lib.elf.dir/code_mf/Src/CHASSIS_TASK.c.obj
                0x0800a264                chassis_4340_id3_angle_pid_loop
 .text.chassis_4340_id4_speed_pid_init
                0x0800a288       0x20 CMakeFiles/dm_h723_lib.elf.dir/code_mf/Src/CHASSIS_TASK.c.obj
                0x0800a288                chassis_4340_id4_speed_pid_init
 .text.chassis_4340_id4_speed_pid_loop
                0x0800a2a8       0x24 CMakeFiles/dm_h723_lib.elf.dir/code_mf/Src/CHASSIS_TASK.c.obj
                0x0800a2a8                chassis_4340_id4_speed_pid_loop
 .text.chassis_4340_id4_angle_pid_init
                0x0800a2cc       0x24 CMakeFiles/dm_h723_lib.elf.dir/code_mf/Src/CHASSIS_TASK.c.obj
                0x0800a2cc                chassis_4340_id4_angle_pid_init
 .text.chassis_4340_id4_angle_pid_loop
                0x0800a2f0       0x24 CMakeFiles/dm_h723_lib.elf.dir/code_mf/Src/CHASSIS_TASK.c.obj
                0x0800a2f0                chassis_4340_id4_angle_pid_loop
 .text.chassis_all_4340_pid_control
                0x0800a314       0x7c CMakeFiles/dm_h723_lib.elf.dir/code_mf/Src/CHASSIS_TASK.c.obj
                0x0800a314                chassis_all_4340_pid_control
 .text.CHASSIS_TASK
                0x0800a390       0x78 CMakeFiles/dm_h723_lib.elf.dir/code_mf/Src/CHASSIS_TASK.c.obj
                0x0800a390                CHASSIS_TASK
 .text.DEBUG_UART_TASK
                0x0800a408       0x48 CMakeFiles/dm_h723_lib.elf.dir/code_mf/Src/DEBUG_UART_TASK.c.obj
                0x0800a408                DEBUG_UART_TASK
 .text.FDCAN_DJI_motors
                0x0800a450       0x98 CMakeFiles/dm_h723_lib.elf.dir/code_mf/Src/DJI_motors.c.obj
                0x0800a450                FDCAN_DJI_motors
 .text.DM_motor_status
                0x0800a4e8       0x8c CMakeFiles/dm_h723_lib.elf.dir/code_mf/Src/ERROR_DETECTION.c.obj
                0x0800a4e8                DM_motor_status
 .text.ERROR_DETECTION
                0x0800a574        0xe CMakeFiles/dm_h723_lib.elf.dir/code_mf/Src/ERROR_DETECTION.c.obj
                0x0800a574                ERROR_DETECTION
 *fill*         0x0800a582        0x2 
 .text.GET_RC_TASK
                0x0800a584       0x5c CMakeFiles/dm_h723_lib.elf.dir/code_mf/Src/GET_RC_TASK.c.obj
                0x0800a584                GET_RC_TASK
 .text.IMU_DATA_GET
                0x0800a5e0       0xdc CMakeFiles/dm_h723_lib.elf.dir/code_mf/Src/IMU_DATA_GET.c.obj
                0x0800a5e0                IMU_DATA_GET
 .text.LED_TASK
                0x0800a6bc       0x3a CMakeFiles/dm_h723_lib.elf.dir/code_mf/Src/LED_TASK.c.obj
                0x0800a6bc                LED_TASK
 *fill*         0x0800a6f6        0x2 
 .text.invSqrt  0x0800a6f8       0x30 CMakeFiles/dm_h723_lib.elf.dir/code_mf/Src/MahonyAHRS.c.obj
                0x0800a6f8                invSqrt
 .text.MahonyAHRSupdateIMU
                0x0800a728      0x274 CMakeFiles/dm_h723_lib.elf.dir/code_mf/Src/MahonyAHRS.c.obj
                0x0800a728                MahonyAHRSupdateIMU
 .text.MahonyAHRSupdate
                0x0800a99c      0x3f8 CMakeFiles/dm_h723_lib.elf.dir/code_mf/Src/MahonyAHRS.c.obj
                0x0800a99c                MahonyAHRSupdate
 .text.get_angle
                0x0800ad94       0xbc CMakeFiles/dm_h723_lib.elf.dir/code_mf/Src/MahonyAHRS.c.obj
                0x0800ad94                get_angle
 .text.BSP_FDCAN_Init
                0x0800ae50      0x130 CMakeFiles/dm_h723_lib.elf.dir/code_mf/Src/bsp_can.c.obj
                0x0800ae50                BSP_FDCAN_Init
 .text.DM_motors_parse
                0x0800af80       0x86 CMakeFiles/dm_h723_lib.elf.dir/code_mf/Src/can_receive.c.obj
                0x0800af80                DM_motors_parse
 *fill*         0x0800b006        0x2 
 .text.HAL_FDCAN_RxFifo0Callback
                0x0800b008      0x1d4 CMakeFiles/dm_h723_lib.elf.dir/code_mf/Src/can_receive.c.obj
                0x0800b008                HAL_FDCAN_RxFifo0Callback
 .text.Get_FDCAN_DLC
                0x0800b1dc       0x3a CMakeFiles/dm_h723_lib.elf.dir/code_mf/Src/dm_motor.c.obj
 *fill*         0x0800b216        0x2 
 .text.DMCanTransmit
                0x0800b218       0x60 CMakeFiles/dm_h723_lib.elf.dir/code_mf/Src/dm_motor.c.obj
 .text.dm_motor_init
                0x0800b278       0xb4 CMakeFiles/dm_h723_lib.elf.dir/code_mf/Src/dm_motor.c.obj
                0x0800b278                dm_motor_init
 .text.dm_motor_mode_set
                0x0800b32c       0x54 CMakeFiles/dm_h723_lib.elf.dir/code_mf/Src/dm_motor.c.obj
                0x0800b32c                dm_motor_mode_set
 .text.float_to_uint
                0x0800b380       0x2a CMakeFiles/dm_h723_lib.elf.dir/code_mf/Src/dm_motor.c.obj
                0x0800b380                float_to_uint
 *fill*         0x0800b3aa        0x2 
 .text.Dm_Can_Send
                0x0800b3ac      0x360 CMakeFiles/dm_h723_lib.elf.dir/code_mf/Src/dm_motor.c.obj
                0x0800b3ac                Dm_Can_Send
 .text.uint_to_float
                0x0800b70c       0x28 CMakeFiles/dm_h723_lib.elf.dir/code_mf/Src/dm_motor.c.obj
                0x0800b70c                uint_to_float
 .text.PID_init
                0x0800b734       0x3c CMakeFiles/dm_h723_lib.elf.dir/code_mf/Src/pid.c.obj
                0x0800b734                PID_init
 .text.PID_calc
                0x0800b770      0x158 CMakeFiles/dm_h723_lib.elf.dir/code_mf/Src/pid.c.obj
                0x0800b770                PID_calc
 .text.dbus_frame_parse
                0x0800b8c8       0xc6 CMakeFiles/dm_h723_lib.elf.dir/code_mf/Src/remote_control.c.obj
                0x0800b8c8                dbus_frame_parse
 *fill*         0x0800b98e        0x2 
 .text.HAL_UARTEx_RxEventCallback
                0x0800b990       0x34 CMakeFiles/dm_h723_lib.elf.dir/code_mf/Src/remote_control.c.obj
                0x0800b990                HAL_UARTEx_RxEventCallback
 .text.HAL_UART_ErrorCallback
                0x0800b9c4       0x20 CMakeFiles/dm_h723_lib.elf.dir/code_mf/Src/remote_control.c.obj
                0x0800b9c4                HAL_UART_ErrorCallback
 .text.usart1_printf
                0x0800b9e4       0x40 CMakeFiles/dm_h723_lib.elf.dir/code_mf/Src/uart_printf.c.obj
                0x0800b9e4                usart1_printf
 .text.WS2812_Ctrl
                0x0800ba24       0xc0 CMakeFiles/dm_h723_lib.elf.dir/code_mf/Src/ws2812.c.obj
                0x0800ba24                WS2812_Ctrl
 .text.__udivmoddi4
                0x0800bae4      0x2bc C:/CLionToolchains/gcc-arm-none-eabi-10.3-2021.10/bin/../lib/gcc/arm-none-eabi/13.3.1/thumb/v7e-m+fp/hard\libgcc.a(_udivmoddi4.o)
                0x0800bae4                __udivmoddi4
 .text.stdio_exit_handler
                0x0800bda0       0x18 C:/CLionToolchains/gcc-arm-none-eabi-10.3-2021.10/bin/../lib/gcc/arm-none-eabi/13.3.1/thumb/v7e-m+fp/hard\libg.a(libc_a-findfp.o)
 .text.cleanup_stdio
                0x0800bdb8       0x40 C:/CLionToolchains/gcc-arm-none-eabi-10.3-2021.10/bin/../lib/gcc/arm-none-eabi/13.3.1/thumb/v7e-m+fp/hard\libg.a(libc_a-findfp.o)
 .text.global_stdio_init.part.0
                0x0800bdf8       0xf0 C:/CLionToolchains/gcc-arm-none-eabi-10.3-2021.10/bin/../lib/gcc/arm-none-eabi/13.3.1/thumb/v7e-m+fp/hard\libg.a(libc_a-findfp.o)
 .text.__sinit  0x0800bee8       0x3c C:/CLionToolchains/gcc-arm-none-eabi-10.3-2021.10/bin/../lib/gcc/arm-none-eabi/13.3.1/thumb/v7e-m+fp/hard\libg.a(libc_a-findfp.o)
                0x0800bee8                __sinit
 .text.__sfp_lock_acquire
                0x0800bf24        0xc C:/CLionToolchains/gcc-arm-none-eabi-10.3-2021.10/bin/../lib/gcc/arm-none-eabi/13.3.1/thumb/v7e-m+fp/hard\libg.a(libc_a-findfp.o)
                0x0800bf24                __sfp_lock_acquire
 .text.__sfp_lock_release
                0x0800bf30        0xc C:/CLionToolchains/gcc-arm-none-eabi-10.3-2021.10/bin/../lib/gcc/arm-none-eabi/13.3.1/thumb/v7e-m+fp/hard\libg.a(libc_a-findfp.o)
                0x0800bf30                __sfp_lock_release
 .text._fwalk_sglue
                0x0800bf3c       0x44 C:/CLionToolchains/gcc-arm-none-eabi-10.3-2021.10/bin/../lib/gcc/arm-none-eabi/13.3.1/thumb/v7e-m+fp/hard\libg.a(libc_a-fwalk.o)
                0x0800bf3c                _fwalk_sglue
 .text.__sread  0x0800bf80       0x24 C:/CLionToolchains/gcc-arm-none-eabi-10.3-2021.10/bin/../lib/gcc/arm-none-eabi/13.3.1/thumb/v7e-m+fp/hard\libg.a(libc_a-stdio.o)
                0x0800bf80                __sread
 .text.__swrite
                0x0800bfa4       0x40 C:/CLionToolchains/gcc-arm-none-eabi-10.3-2021.10/bin/../lib/gcc/arm-none-eabi/13.3.1/thumb/v7e-m+fp/hard\libg.a(libc_a-stdio.o)
                0x0800bfa4                __swrite
 .text.__sseek  0x0800bfe4       0x24 C:/CLionToolchains/gcc-arm-none-eabi-10.3-2021.10/bin/../lib/gcc/arm-none-eabi/13.3.1/thumb/v7e-m+fp/hard\libg.a(libc_a-stdio.o)
                0x0800bfe4                __sseek
 .text.__sclose
                0x0800c008        0x8 C:/CLionToolchains/gcc-arm-none-eabi-10.3-2021.10/bin/../lib/gcc/arm-none-eabi/13.3.1/thumb/v7e-m+fp/hard\libg.a(libc_a-stdio.o)
                0x0800c008                __sclose
 .text.vsprintf
                0x0800c010       0x38 C:/CLionToolchains/gcc-arm-none-eabi-10.3-2021.10/bin/../lib/gcc/arm-none-eabi/13.3.1/thumb/v7e-m+fp/hard\libg.a(libc_a-vsprintf.o)
                0x0800c010                vsprintf
 .text.memset   0x0800c048       0xa4 C:/CLionToolchains/gcc-arm-none-eabi-10.3-2021.10/bin/../lib/gcc/arm-none-eabi/13.3.1/thumb/v7e-m+fp/hard\libg.a(libc_a-memset.o)
                0x0800c048                memset
 .text._close_r
                0x0800c0ec       0x24 C:/CLionToolchains/gcc-arm-none-eabi-10.3-2021.10/bin/../lib/gcc/arm-none-eabi/13.3.1/thumb/v7e-m+fp/hard\libg.a(libc_a-closer.o)
                0x0800c0ec                _close_r
 .text._reclaim_reent
                0x0800c110       0x6c C:/CLionToolchains/gcc-arm-none-eabi-10.3-2021.10/bin/../lib/gcc/arm-none-eabi/13.3.1/thumb/v7e-m+fp/hard\libg.a(libc_a-reent.o)
                0x0800c110                _reclaim_reent
 .text._lseek_r
                0x0800c17c       0x2c C:/CLionToolchains/gcc-arm-none-eabi-10.3-2021.10/bin/../lib/gcc/arm-none-eabi/13.3.1/thumb/v7e-m+fp/hard\libg.a(libc_a-lseekr.o)
                0x0800c17c                _lseek_r
 .text._read_r  0x0800c1a8       0x2c C:/CLionToolchains/gcc-arm-none-eabi-10.3-2021.10/bin/../lib/gcc/arm-none-eabi/13.3.1/thumb/v7e-m+fp/hard\libg.a(libc_a-readr.o)
                0x0800c1a8                _read_r
 .text._write_r
                0x0800c1d4       0x2c C:/CLionToolchains/gcc-arm-none-eabi-10.3-2021.10/bin/../lib/gcc/arm-none-eabi/13.3.1/thumb/v7e-m+fp/hard\libg.a(libc_a-writer.o)
                0x0800c1d4                _write_r
 .text.__errno  0x0800c200        0xc C:/CLionToolchains/gcc-arm-none-eabi-10.3-2021.10/bin/../lib/gcc/arm-none-eabi/13.3.1/thumb/v7e-m+fp/hard\libg.a(libc_a-errno.o)
                0x0800c200                __errno
 .text.__libc_init_array
                0x0800c20c       0x50 C:/CLionToolchains/gcc-arm-none-eabi-10.3-2021.10/bin/../lib/gcc/arm-none-eabi/13.3.1/thumb/v7e-m+fp/hard\libg.a(libc_a-init.o)
                0x0800c20c                __libc_init_array
 .text.__retarget_lock_init_recursive
                0x0800c25c        0x4 C:/CLionToolchains/gcc-arm-none-eabi-10.3-2021.10/bin/../lib/gcc/arm-none-eabi/13.3.1/thumb/v7e-m+fp/hard\libg.a(libc_a-lock.o)
                0x0800c25c                __retarget_lock_init_recursive
 .text.__retarget_lock_close_recursive
                0x0800c260        0x4 C:/CLionToolchains/gcc-arm-none-eabi-10.3-2021.10/bin/../lib/gcc/arm-none-eabi/13.3.1/thumb/v7e-m+fp/hard\libg.a(libc_a-lock.o)
                0x0800c260                __retarget_lock_close_recursive
 .text.__retarget_lock_acquire_recursive
                0x0800c264        0x4 C:/CLionToolchains/gcc-arm-none-eabi-10.3-2021.10/bin/../lib/gcc/arm-none-eabi/13.3.1/thumb/v7e-m+fp/hard\libg.a(libc_a-lock.o)
                0x0800c264                __retarget_lock_acquire_recursive
 .text.__retarget_lock_release_recursive
                0x0800c268        0x4 C:/CLionToolchains/gcc-arm-none-eabi-10.3-2021.10/bin/../lib/gcc/arm-none-eabi/13.3.1/thumb/v7e-m+fp/hard\libg.a(libc_a-lock.o)
                0x0800c268                __retarget_lock_release_recursive
 .text.startup.register_fini
                0x0800c26c       0x14 C:/CLionToolchains/gcc-arm-none-eabi-10.3-2021.10/bin/../lib/gcc/arm-none-eabi/13.3.1/thumb/v7e-m+fp/hard\libg.a(libc_a-__call_atexit.o)
 .text.atexit   0x0800c280        0xc C:/CLionToolchains/gcc-arm-none-eabi-10.3-2021.10/bin/../lib/gcc/arm-none-eabi/13.3.1/thumb/v7e-m+fp/hard\libg.a(libc_a-atexit.o)
                0x0800c280                atexit
 .text._malloc_trim_r
                0x0800c28c       0xb8 C:/CLionToolchains/gcc-arm-none-eabi-10.3-2021.10/bin/../lib/gcc/arm-none-eabi/13.3.1/thumb/v7e-m+fp/hard\libg.a(libc_a-freer.o)
                0x0800c28c                _malloc_trim_r
 .text._free_r  0x0800c344      0x1f8 C:/CLionToolchains/gcc-arm-none-eabi-10.3-2021.10/bin/../lib/gcc/arm-none-eabi/13.3.1/thumb/v7e-m+fp/hard\libg.a(libc_a-freer.o)
                0x0800c344                _free_r
 .text._malloc_r
                0x0800c53c      0x564 C:/CLionToolchains/gcc-arm-none-eabi-10.3-2021.10/bin/../lib/gcc/arm-none-eabi/13.3.1/thumb/v7e-m+fp/hard\libg.a(libc_a-mallocr.o)
                0x0800c53c                _malloc_r
 .text.__malloc_lock
                0x0800caa0        0xc C:/CLionToolchains/gcc-arm-none-eabi-10.3-2021.10/bin/../lib/gcc/arm-none-eabi/13.3.1/thumb/v7e-m+fp/hard\libg.a(libc_a-mlock.o)
                0x0800caa0                __malloc_lock
 .text.__malloc_unlock
                0x0800caac        0xc C:/CLionToolchains/gcc-arm-none-eabi-10.3-2021.10/bin/../lib/gcc/arm-none-eabi/13.3.1/thumb/v7e-m+fp/hard\libg.a(libc_a-mlock.o)
                0x0800caac                __malloc_unlock
 .text._svfprintf_r
                0x0800cab8     0x1b3c C:/CLionToolchains/gcc-arm-none-eabi-10.3-2021.10/bin/../lib/gcc/arm-none-eabi/13.3.1/thumb/v7e-m+fp/hard\libg.a(libc_a-svfprintf.o)
                0x0800cab8                _svfprintf_r
 .text.__ssprint_r
                0x0800e5f4       0x58 C:/CLionToolchains/gcc-arm-none-eabi-10.3-2021.10/bin/../lib/gcc/arm-none-eabi/13.3.1/thumb/v7e-m+fp/hard\libg.a(libc_a-ssprint_r.o)
                0x0800e5f4                __ssprint_r
 .text._fclose_r
                0x0800e64c       0xc0 C:/CLionToolchains/gcc-arm-none-eabi-10.3-2021.10/bin/../lib/gcc/arm-none-eabi/13.3.1/thumb/v7e-m+fp/hard\libg.a(libc_a-fclose.o)
                0x0800e64c                _fclose_r
 .text.__sflush_r
                0x0800e70c      0x138 C:/CLionToolchains/gcc-arm-none-eabi-10.3-2021.10/bin/../lib/gcc/arm-none-eabi/13.3.1/thumb/v7e-m+fp/hard\libg.a(libc_a-fflush.o)
                0x0800e70c                __sflush_r
 .text._fflush_r
                0x0800e844       0x54 C:/CLionToolchains/gcc-arm-none-eabi-10.3-2021.10/bin/../lib/gcc/arm-none-eabi/13.3.1/thumb/v7e-m+fp/hard\libg.a(libc_a-fflush.o)
                0x0800e844                _fflush_r
 .text.strncpy  0x0800e898       0x68 C:/CLionToolchains/gcc-arm-none-eabi-10.3-2021.10/bin/../lib/gcc/arm-none-eabi/13.3.1/thumb/v7e-m+fp/hard\libg.a(libc_a-strncpy.o)
                0x0800e898                strncpy
 .text.__locale_mb_cur_max
                0x0800e900        0xc C:/CLionToolchains/gcc-arm-none-eabi-10.3-2021.10/bin/../lib/gcc/arm-none-eabi/13.3.1/thumb/v7e-m+fp/hard\libg.a(libc_a-locale.o)
                0x0800e900                __locale_mb_cur_max
 .text._localeconv_r
                0x0800e90c        0x8 C:/CLionToolchains/gcc-arm-none-eabi-10.3-2021.10/bin/../lib/gcc/arm-none-eabi/13.3.1/thumb/v7e-m+fp/hard\libg.a(libc_a-localeconv.o)
                0x0800e90c                _localeconv_r
 .text._sbrk_r  0x0800e914       0x24 C:/CLionToolchains/gcc-arm-none-eabi-10.3-2021.10/bin/../lib/gcc/arm-none-eabi/13.3.1/thumb/v7e-m+fp/hard\libg.a(libc_a-sbrkr.o)
                0x0800e914                _sbrk_r
 .text.__libc_fini_array
                0x0800e938       0x28 C:/CLionToolchains/gcc-arm-none-eabi-10.3-2021.10/bin/../lib/gcc/arm-none-eabi/13.3.1/thumb/v7e-m+fp/hard\libg.a(libc_a-fini.o)
                0x0800e938                __libc_fini_array
 .text.sysconf  0x0800e960       0x1c C:/CLionToolchains/gcc-arm-none-eabi-10.3-2021.10/bin/../lib/gcc/arm-none-eabi/13.3.1/thumb/v7e-m+fp/hard\libg.a(libc_a-sysconf.o)
                0x0800e960                sysconf
 .text.frexp    0x0800e97c       0x64 C:/CLionToolchains/gcc-arm-none-eabi-10.3-2021.10/bin/../lib/gcc/arm-none-eabi/13.3.1/thumb/v7e-m+fp/hard\libg.a(libm_a-s_frexp.o)
                0x0800e97c                frexp
 .text.__register_exitproc
                0x0800e9e0       0x80 C:/CLionToolchains/gcc-arm-none-eabi-10.3-2021.10/bin/../lib/gcc/arm-none-eabi/13.3.1/thumb/v7e-m+fp/hard\libg.a(libc_a-__atexit.o)
                0x0800e9e0                __register_exitproc
 .text.quorem   0x0800ea60      0x12c C:/CLionToolchains/gcc-arm-none-eabi-10.3-2021.10/bin/../lib/gcc/arm-none-eabi/13.3.1/thumb/v7e-m+fp/hard\libg.a(libc_a-dtoa.o)
 *fill*         0x0800eb8c        0x4 
 .text._dtoa_r  0x0800eb90      0xe80 C:/CLionToolchains/gcc-arm-none-eabi-10.3-2021.10/bin/../lib/gcc/arm-none-eabi/13.3.1/thumb/v7e-m+fp/hard\libg.a(libc_a-dtoa.o)
                0x0800eb90                _dtoa_r
 .text.__ascii_mbtowc
                0x0800fa10       0x2c C:/CLionToolchains/gcc-arm-none-eabi-10.3-2021.10/bin/../lib/gcc/arm-none-eabi/13.3.1/thumb/v7e-m+fp/hard\libg.a(libc_a-mbtowc_r.o)
                0x0800fa10                __ascii_mbtowc
 .text._Balloc  0x0800fa3c       0x4c C:/CLionToolchains/gcc-arm-none-eabi-10.3-2021.10/bin/../lib/gcc/arm-none-eabi/13.3.1/thumb/v7e-m+fp/hard\libg.a(libc_a-mprec.o)
                0x0800fa3c                _Balloc
 .text._Bfree   0x0800fa88       0x14 C:/CLionToolchains/gcc-arm-none-eabi-10.3-2021.10/bin/../lib/gcc/arm-none-eabi/13.3.1/thumb/v7e-m+fp/hard\libg.a(libc_a-mprec.o)
                0x0800fa88                _Bfree
 .text.__multadd
                0x0800fa9c       0xa0 C:/CLionToolchains/gcc-arm-none-eabi-10.3-2021.10/bin/../lib/gcc/arm-none-eabi/13.3.1/thumb/v7e-m+fp/hard\libg.a(libc_a-mprec.o)
                0x0800fa9c                __multadd
 .text.__hi0bits
                0x0800fb3c       0x44 C:/CLionToolchains/gcc-arm-none-eabi-10.3-2021.10/bin/../lib/gcc/arm-none-eabi/13.3.1/thumb/v7e-m+fp/hard\libg.a(libc_a-mprec.o)
                0x0800fb3c                __hi0bits
 .text.__lo0bits
                0x0800fb80       0x60 C:/CLionToolchains/gcc-arm-none-eabi-10.3-2021.10/bin/../lib/gcc/arm-none-eabi/13.3.1/thumb/v7e-m+fp/hard\libg.a(libc_a-mprec.o)
                0x0800fb80                __lo0bits
 .text.__i2b    0x0800fbe0       0x5c C:/CLionToolchains/gcc-arm-none-eabi-10.3-2021.10/bin/../lib/gcc/arm-none-eabi/13.3.1/thumb/v7e-m+fp/hard\libg.a(libc_a-mprec.o)
                0x0800fbe0                __i2b
 .text.__multiply
                0x0800fc3c      0x16c C:/CLionToolchains/gcc-arm-none-eabi-10.3-2021.10/bin/../lib/gcc/arm-none-eabi/13.3.1/thumb/v7e-m+fp/hard\libg.a(libc_a-mprec.o)
                0x0800fc3c                __multiply
 .text.__pow5mult
                0x0800fda8       0xb4 C:/CLionToolchains/gcc-arm-none-eabi-10.3-2021.10/bin/../lib/gcc/arm-none-eabi/13.3.1/thumb/v7e-m+fp/hard\libg.a(libc_a-mprec.o)
                0x0800fda8                __pow5mult
 .text.__lshift
                0x0800fe5c       0xf0 C:/CLionToolchains/gcc-arm-none-eabi-10.3-2021.10/bin/../lib/gcc/arm-none-eabi/13.3.1/thumb/v7e-m+fp/hard\libg.a(libc_a-mprec.o)
                0x0800fe5c                __lshift
 .text.__mcmp   0x0800ff4c       0x44 C:/CLionToolchains/gcc-arm-none-eabi-10.3-2021.10/bin/../lib/gcc/arm-none-eabi/13.3.1/thumb/v7e-m+fp/hard\libg.a(libc_a-mprec.o)
                0x0800ff4c                __mcmp
 .text.__mdiff  0x0800ff90      0x178 C:/CLionToolchains/gcc-arm-none-eabi-10.3-2021.10/bin/../lib/gcc/arm-none-eabi/13.3.1/thumb/v7e-m+fp/hard\libg.a(libc_a-mprec.o)
                0x0800ff90                __mdiff
 .text.__d2b    0x08010108       0xc0 C:/CLionToolchains/gcc-arm-none-eabi-10.3-2021.10/bin/../lib/gcc/arm-none-eabi/13.3.1/thumb/v7e-m+fp/hard\libg.a(libc_a-mprec.o)
                0x08010108                __d2b
 .text.__ascii_wctomb
                0x080101c8       0x1c C:/CLionToolchains/gcc-arm-none-eabi-10.3-2021.10/bin/../lib/gcc/arm-none-eabi/13.3.1/thumb/v7e-m+fp/hard\libg.a(libc_a-wctomb_r.o)
                0x080101c8                __ascii_wctomb
 .text._wcrtomb_r
                0x080101e4       0x4c C:/CLionToolchains/gcc-arm-none-eabi-10.3-2021.10/bin/../lib/gcc/arm-none-eabi/13.3.1/thumb/v7e-m+fp/hard\libg.a(libc_a-wcrtomb.o)
                0x080101e4                _wcrtomb_r
 .text._wcsrtombs_r
                0x08010230       0x18 C:/CLionToolchains/gcc-arm-none-eabi-10.3-2021.10/bin/../lib/gcc/arm-none-eabi/13.3.1/thumb/v7e-m+fp/hard\libg.a(libc_a-wcsrtombs.o)
                0x08010230                _wcsrtombs_r
 .text.__ssputs_r
                0x08010248       0xc0 C:/CLionToolchains/gcc-arm-none-eabi-10.3-2021.10/bin/../lib/gcc/arm-none-eabi/13.3.1/thumb/v7e-m+fp/hard\libg.a(libc_a-ssputs_r.o)
                0x08010248                __ssputs_r
 .text.memmove  0x08010308      0x100 C:/CLionToolchains/gcc-arm-none-eabi-10.3-2021.10/bin/../lib/gcc/arm-none-eabi/13.3.1/thumb/v7e-m+fp/hard\libg.a(libc_a-memmove.o)
                0x08010308                memmove
 .text.__assert_func
                0x08010408       0x40 C:/CLionToolchains/gcc-arm-none-eabi-10.3-2021.10/bin/../lib/gcc/arm-none-eabi/13.3.1/thumb/v7e-m+fp/hard\libg.a(libc_a-assert.o)
                0x08010408                __assert_func
 .text._calloc_r
                0x08010448       0x6c C:/CLionToolchains/gcc-arm-none-eabi-10.3-2021.10/bin/../lib/gcc/arm-none-eabi/13.3.1/thumb/v7e-m+fp/hard\libg.a(libc_a-callocr.o)
                0x08010448                _calloc_r
 .text._realloc_r
                0x080104b4      0x344 C:/CLionToolchains/gcc-arm-none-eabi-10.3-2021.10/bin/../lib/gcc/arm-none-eabi/13.3.1/thumb/v7e-m+fp/hard\libg.a(libc_a-reallocr.o)
                0x080104b4                _realloc_r
 .text._wcsnrtombs_l
                0x080107f8       0xfc C:/CLionToolchains/gcc-arm-none-eabi-10.3-2021.10/bin/../lib/gcc/arm-none-eabi/13.3.1/thumb/v7e-m+fp/hard\libg.a(libc_a-wcsnrtombs.o)
                0x080107f8                _wcsnrtombs_l
 .text._wcsnrtombs_r
                0x080108f4       0x24 C:/CLionToolchains/gcc-arm-none-eabi-10.3-2021.10/bin/../lib/gcc/arm-none-eabi/13.3.1/thumb/v7e-m+fp/hard\libg.a(libc_a-wcsnrtombs.o)
                0x080108f4                _wcsnrtombs_r
 .text.fiprintf
                0x08010918       0x28 C:/CLionToolchains/gcc-arm-none-eabi-10.3-2021.10/bin/../lib/gcc/arm-none-eabi/13.3.1/thumb/v7e-m+fp/hard\libg.a(libc_a-fiprintf.o)
                0x08010918                fiprintf
 .text._vfiprintf_r
                0x08010940      0xe68 C:/CLionToolchains/gcc-arm-none-eabi-10.3-2021.10/bin/../lib/gcc/arm-none-eabi/13.3.1/thumb/v7e-m+fp/hard\libg.a(libc_a-vfiprintf.o)
                0x08010940                _vfiprintf_r
 .text.__sbprintf
                0x080117a8       0x80 C:/CLionToolchains/gcc-arm-none-eabi-10.3-2021.10/bin/../lib/gcc/arm-none-eabi/13.3.1/thumb/v7e-m+fp/hard\libg.a(libc_a-vfiprintf.o)
 .text.__sprint_r
                0x08011828       0x20 C:/CLionToolchains/gcc-arm-none-eabi-10.3-2021.10/bin/../lib/gcc/arm-none-eabi/13.3.1/thumb/v7e-m+fp/hard\libg.a(libc_a-sprint_r.o)
                0x08011828                __sprint_r
 .text.__sfvwrite_r